01e00000 T _start
01e00020 t _undefined_instruction
01e00024 t _software_interrupt
01e00028 t _prefetch_abort
01e0002c t _data_abort
01e00030 t _not_used
01e00034 t _irq
01e00038 t _fiq
01e0003c t _pad
01e00040 T _end_vect
01e00040 t _TEXT_BASE
01e00044 T _armboot_start
01e00048 T _bss_start
01e0004c T _bss_end
01e00050 T BOOT_ARGUMENT_LOCATION
01e00054 t reset
01e00070 t relocate
01e00090 t copy_loop
01e000a0 t stack_setup
01e000b4 t clear_bss
01e000c0 t clbss_l
01e000d4 t _start_armboot
01e000d8 t cpu_init_crit
01e00120 t undefined_instruction
01e00180 t software_interrupt
01e001e0 t prefetch_abort
01e00240 t data_abort
01e002a0 t not_used
01e00300 t irq
01e00360 t fiq
01e003b8 T v7_invalidate_dcache_all
01e003d8 t ci_way_loop
01e003dc t ci_set_loop
01e00420 t _TEXT_BASE
01e00424 T lowlevel_init
01e0044c t SRAM_STACK
01e00450 T __aeabi_llsl
01e00450 T __ashldi3
01e0046c T __aeabi_lasr
01e0046c T __ashrdi3
01e004a0 T __aeabi_idiv
01e004a0 T __divsi3
01e005b8 t Ldiv0
01e005e0 T __aeabi_llsr
01e005e0 T __lshrdi3
01e00600 T __modsi3
01e006d4 t Ldiv0
01e00700 T __aeabi_uidiv
01e00700 T __udivsi3
01e00718 t Loop1
01e0072c t Lbignum
01e00740 t Loop3
01e00780 t Lgot_result
01e00788 t Ldiv0
01e00798 T __aeabi_uidivmod
01e007b0 T __aeabi_idivmod
01e007c8 T __umodsi3
01e007dc t Loop1
01e007f0 t Lbignum
01e00804 t Loop3
01e0086c t Ldiv0
01e0087c T hang
01e0088c t display_banner
01e008ac t display_dram_config
01e00918 t init_baudrate
01e00974 T start_armboot
01e00bb0 T disable_interrupts
01e00bb8 T interrupt_init
01e00bc0 T reset_cpu
01e00bc4 T show_regs
01e00d04 T bad_mode
01e00d10 T do_irq
01e00d34 T do_fiq
01e00d58 T do_not_used
01e00d7c T do_data_abort
01e00da0 T do_prefetch_abort
01e00dc4 T do_software_interrupt
01e00de8 T do_undefined_instruction
01e00e0c T nand_init
01e00ee8 t generic_ffs
01e00f38 t nand_release_device
01e00f50 t nand_read_word
01e00f60 t nand_block_bad
01e0104c t nand_check_wp
01e01088 t nand_read_page_raw
01e010c0 t nand_read_page_raw_syndrome
01e01190 t nand_read_page_swecc
01e01298 t nand_read_subpage
01e01528 t nand_read_page_hwecc
01e0165c t nand_read_page_hwecc_oob_first
01e0179c t nand_read_page_syndrome
01e018c0 t nand_read_oob_std
01e01904 t nand_read_oob_syndrome
01e01a00 t nand_write_oob_std
01e01a70 t nand_write_oob_syndrome
01e01c0c t nand_write_page_raw
01e01c40 t nand_write_page_raw_syndrome
01e01d0c t nand_write_page_swecc
01e01dc0 t nand_write_page_hwecc
01e01e84 t nand_write_page_syndrome
01e01f74 t single_erase_cmd
01e01fb0 t multi_erase_cmd
01e0203c t nand_sync
01e0204c t nand_suspend
01e02060 t nand_resume
01e02080 T nand_scan_tail
01e0263c t nand_block_checkbad
01e026b4 t nand_block_isbad
01e026f0 t nand_block_markbad
01e0272c t nand_write_page
01e027ec T nand_scan_ident
01e02d48 T nand_scan
01e02d68 t nand_fill_oob
01e02e70 t nand_do_write_oob
01e03030 t nand_do_write_ops
01e03380 t nand_write_oob
01e03420 t nand_write
01e034ac t nand_transfer_oob
01e035b4 t nand_default_block_markbad
01e03694 T nand_erase_nand
01e03a68 t nand_erase
01e03a70 t nand_wait
01e03b30 T nand_wait_ready
01e03b74 t nand_do_read_ops
01e03fbc t nand_read
01e04048 t nand_read_oob
01e04308 t nand_command
01e044e8 t nand_command_lp
01e04750 t scan_read_raw
01e047a0 T nand_isbad_bbt
01e047f0 t create_bbt
01e04b5c t search_bbt
01e04e24 t read_bbt
01e05064 t read_abs_bbt
01e05168 t write_bbt
01e05858 T nand_update_bbt
01e05994 t mark_bbt_region
01e05b20 T nand_scan_bbt
01e05fa0 T nand_default_bbt
01e06064 T nand_calculate_ecc
01e0615c T nand_correct_data
01e0627c T do_help
01e062c4 T envmatch
01e06324 T getenv_r
01e063d8 T getenv
01e06448 T _do_setenv
01e06828 T do_setenv
01e06854 T setenv
01e068a0 t printenv
01e06988 T do_printenv
01e06a18 T do_version
01e06a38 T cmd_usage
01e06a98 T find_cmd_tbl
01e06b30 T find_cmd
01e06b5c T _do_help
01e06cd8 t console_setfile
01e06d78 T fgetc
01e06da0 T ftstc
01e06dc8 T fputc
01e06df4 T fputs
01e06e20 T had_ctrlc
01e06e30 T clear_ctrlc
01e06e44 T console_init_f
01e06e54 T search_device
01e06e7c T console_assign
01e06ebc T puts
01e06ed8 T vprintf
01e06f04 T printf
01e06f44 T putc
01e06f64 T tstc
01e06f7c T getc
01e06f94 T ctrlc
01e06fe0 T malloc_trim
01e070f4 T free
01e07324 T malloc
01e07958 T calloc
01e07a38 T mem_malloc_init
01e07a64 T env_get_addr
01e07a88 T env_get_char
01e07ad0 T env_crc_update
01e07afc T set_default_env
01e07b40 T env_relocate
01e07b90 T env_relocate_spec
01e07b94 T env_get_char_spec
01e07ba0 T env_init
01e07bbc t dummy
01e07bc0 T get_version
01e07bc8 T jumptable_init
01e07dcc T parse_line
01e07e58 T run_command
01e081f0 t delete_char
01e082cc T readline_into_buffer
01e084b0 T readline
01e084c8 T main_loop
01e08594 T stdio_clone
01e085dc T stdio_register
01e0861c T stdio_init
01e086ac T stdio_get_by_name
01e086f8 T system_init
01e08708 T dram_init
01e08834 T get_bank_nr
01e08844 T memory_size
01e08884 T mt65xx_sw_env
01e088a0 T get_board_rev
01e088ac T misc_init_r
01e089b8 T board_init
01e08a80 T isink5_init
01e08abc T isink4_init
01e08af8 T isink3_init
01e08b34 T isink2_init
01e08b70 T isink1_init
01e08bac T isink0_init
01e08be8 T mt65xx_leds_brightness_set
01e09058 T mt65xx_backlight_off
01e09078 T leds_init
01e09090 T mt65xx_backlight_on
01e090c8 T leds_deinit
01e09100 T leds_battery_medium_charging
01e0910c T leds_battery_full_charging
01e09118 T meta_mode_check
01e09144 T get_chip_eco_ver
01e09150 T boot_mode_select
01e0919c T mboot_recovery_load_raw_part
01e09240 T mboot_recovery_load_misc
01e09280 T mboot_android_load_factoryimg_hdr
01e093d4 T mboot_android_load_recoveryimg_hdr
01e095bc T mboot_android_load_bootimg_hdr
01e097e0 T mboot_android_check_img_info
01e098b8 T mboot_android_load_factoryimg
01e09910 T mboot_android_load_recoveryimg
01e09a14 T mboot_android_load_bootimg
01e09b18 T mboot_common_load_part
01e09cd4 T mboot_common_load_logo
01e09ce4 T serial_getc
01e09d0c T serial_putc
01e09d4c T serial_puts
01e09da0 T serial_tstc
01e09db8 T serial_init
01e09dc0 T custom_port_in_kernel
01e09e74 T mtk_serial_set_current_uart
01e09ec0 T serial_setbrg
01e0a000 T mtk_serial_init
01e0a0f8 T gpt4_get_current_tick
01e0a144 T gpt4_tick2time_us
01e0a158 T gpt_busy_wait_us
01e0a220 T reset_timer_masked
01e0a294 T get_timer_masked
01e0a34c T reset_timer
01e0a350 T get_timer
01e0a370 T mdelay
01e0a398 T udelay
01e0a3f4 T get_ticks
01e0a408 T gpt_one_shot_irq
01e0a44c T gpt_irq_ack
01e0a460 T gpt_irq_init
01e0a49c t ECC_Config
01e0a56c t mt6575_nand_write_buf
01e0a5d8 t mt6575_nand_verify_buf
01e0a5e0 t mt6575_nand_dev_ready
01e0a5f8 t mt6575_nand_correct_data
01e0a608 t mt6575_nand_hwctl
01e0a60c t mt6575_nand_reset
01e0a71c t mt6575_nand_ready_for_read
01e0a8fc t mt6575_nand_read_byte
01e0a954 T dump_nfi
01e0aaa4 T mt6575_nand_exec_read_page_hw
01e0acec t mt6575_nand_select_chip
01e0aec4 T board_nand_select_device
01e0af78 t mt6575_nand_command_bp
01e0b56c t mt6575_nand_calculate_ecc
01e0b588 T nand_block_bad_hw
01e0b6a4 T get_device_info
01e0b7b8 T board_nand_init
01e0ba84 t mt6575_nand_exec_read_page.clone.0
01e0bb4c t mt6575_nand_read_buf
01e0bc5c t mt6575_nand_part_read
01e0be38 T meta_detection
01e0becc T recovery_check_command_trigger
01e0bf38 T recovery_check_key_trigger
01e0bfd0 T recovery_detection
01e0c030 T mtk_wdt_boot_check
01e0c088 T mtk_wdt_init
01e0c0e0 T mtk_arch_reset
01e0c128 T mt_set_gpio_dir
01e0c198 T mt_set_gpio_pull_enable
01e0c200 T mt_set_gpio_out
01e0c258 T mt_get_gpio_in
01e0c294 T mt_set_gpio_mode
01e0c304 T mt_gpio_set_default
01e0c418 T mt_power_on
01e0c49c T mt_power_off
01e0c51c T mt_set_pwm_clk
01e0c57c T mt_set_pwm_con_stpbit
01e0c5e8 T mt_set_pwm_disable
01e0c624 T pwm_set_spec_config
01e0ce4c T pwm_set_easy_config
01e0d224 T pmic6329_i2c_write
01e0d290 T pmic6329_i2c_read
01e0d2c4 T pmic_bank1_config_interface
01e0d334 T upmu_boost_vrsel
01e0d348 T upmu_boost_en
01e0d35c T upmu_boost_cabc_en
01e0d370 T upmu_boost_mode
01e0d384 T upmu_boost_isink_hw_sel
01e0d398 T upmu_isinks_ch5_mode
01e0d3ac T upmu_isinks_ch5_step
01e0d3c0 T upmu_isinks_ch4_mode
01e0d3d4 T upmu_isinks_ch4_step
01e0d3e8 T upmu_isinks_ch3_mode
01e0d3fc T upmu_isinks_ch3_step
01e0d410 T upmu_isinks_ch2_mode
01e0d424 T upmu_isinks_ch2_step
01e0d438 T upmu_isinks_ch1_mode
01e0d44c T upmu_isinks_ch1_step
01e0d460 T upmu_isinks_ch0_mode
01e0d474 T upmu_isinks_ch0_step
01e0d488 T upmu_isinks_ch0_cabc_en
01e0d49c T upmu_isinks_ch1_cabc_en
01e0d4b0 T upmu_isinks_ch2_cabc_en
01e0d4c4 T upmu_isinks_ch3_cabc_en
01e0d4d8 T upmu_isinks_ch4_cabc_en
01e0d4ec T upmu_isinks_ch5_cabc_en
01e0d500 T upmu_isinks_ch0_en
01e0d514 T upmu_isinks_ch1_en
01e0d528 T upmu_isinks_ch2_en
01e0d53c T upmu_isinks_ch3_en
01e0d550 T upmu_isinks_ch4_en
01e0d564 T upmu_isinks_ch5_en
01e0d578 T upmu_isinks_dim2_fsel
01e0d58c T upmu_isinks_dim2_duty
01e0d5a0 T upmu_isinks_dim1_fsel
01e0d5b4 T upmu_isinks_dim1_duty
01e0d5c8 T upmu_isinks_dim0_fsel
01e0d5dc T upmu_isinks_dim0_duty
01e0d5f0 T upmu_top2_bst_drv_ck_pdn
01e0d604 T pmic_bank1_read_interface
01e0d658 T upmu_otpc_otp_pdo_63_56
01e0d684 T upmu_otpc_otp_pdo_55_48
01e0d6b0 T pmic_config_interface
01e0d720 T upmu_auxadc_buf_pwd_b
01e0d734 T upmu_auxadc_spl_num
01e0d748 T upmu_auxadc_start
01e0d75c T upmu_auxadc_ch_sel
01e0d770 T upmu_chr_vcdt_mode
01e0d784 T upmu_chr_csdac_mode
01e0d798 T upmu_chr_baton_tdet_en
01e0d7ac T upmu_chr_hw_cv_en
01e0d7c0 T upmu_chr_ulc_det_en
01e0d7d4 T upmu_chr_low_ich_db
01e0d7e8 T upmu_chr_chrind_on
01e0d7fc T upmu_chr_csdac_dly
01e0d810 T upmu_chr_csdac_stp
01e0d824 T upmu_chr_csdac_stp_inc
01e0d838 T upmu_chr_csdac_stp_dec
01e0d84c T upmu_chr_bc11_rst
01e0d860 T upmu_chr_adcin_vbat_en
01e0d874 T upmu_chr_adcin_vsen_en
01e0d888 T upmu_chr_adcin_vchr_en
01e0d89c T upmu_chr_chrwdt_int_en
01e0d8b0 T upmu_chr_chrwdt_flag_wr
01e0d8c4 T upmu_chr_chrwdt_td
01e0d8d8 T upmu_chr_chrwdt_en
01e0d8ec T upmu_chr_baton_en
01e0d900 T upmu_chr_baton_ht_en
01e0d914 T upmu_chr_vbat_ov_en
01e0d928 T upmu_chr_vbat_ov_vth
01e0d93c T upmu_chr_vbat_cs_vth
01e0d950 T upmu_chr_vbat_cv_vth
01e0d964 T upmu_chr_vbat_cv_en
01e0d978 T upmu_chr_cs_en
01e0d98c T upmu_chr_vcdt_lv_vth
01e0d9a0 T upmu_chr_vcdt_hv_vth
01e0d9b4 T upmu_chr_vcdt_hv_enable
01e0d9c8 T upmu_chr_csdac_enable
01e0d9dc T upmu_chr_enable
01e0d9f0 T upmu_strup_usbdl_en
01e0da04 T PMIC_CUSTOM_SETTING_V1
01e0db64 T pmic_read_interface
01e0dbb8 T upmu_get_PCHR_CHRDET
01e0dbe4 T upmu_is_chr_det
01e0dbf8 T upmu_get_reg_value
01e0dc24 T upmu_auxadc_get_trimming_data_9_8
01e0dc50 T upmu_auxadc_get_trimming_data_7_0
01e0dc7c T upmu_auxadc_get_ch3_data_9_8
01e0dca8 T upmu_auxadc_get_ch3_ready
01e0dcd4 T upmu_auxadc_get_ch3_data_7_0
01e0dd00 T upmu_auxadc_get_ch2_data_9_8
01e0dd2c T upmu_auxadc_get_ch2_ready
01e0dd58 T upmu_auxadc_get_ch2_data_7_0
01e0dd84 T upmu_auxadc_get_ch1_data_9_8
01e0ddb0 T upmu_auxadc_get_ch1_ready
01e0dddc T upmu_auxadc_get_ch1_data_7_0
01e0de08 T upmu_auxadc_get_ch0_ready
01e0de34 T upmu_chr_get_vcdt_hv_det
01e0de60 T hw_charger_type_detection
01e0e164 T mt_charger_type_detection
01e0e1ac T upmu_get_cid1
01e0e1d8 T upmu_get_cid0
01e0e200 T PMIC_INIT_SETTING_V1
01e0e7b8 T mt6575_detect_homekey
01e0e81c T mt6575_detect_powerkey
01e0e880 T pmic_IsUsbCableIn
01e0e8dc T get_pmic6329_version
01e0e940 T PMIC_IMM_GetOneChannelValue
01e0ed20 T pmic6329_get_version
01e0edc4 T pmic6329_init
01e0ee24 T mt65xx_get_logo_db_addr
01e0ee34 T mt65xx_get_fb_addr
01e0ee44 T mt65xx_get_fb_size
01e0ee54 T mt65xx_disp_get_lcm_id
01e0ee6c T video_set_lut
01e0ee70 T DISP_IsLcmFound
01e0ee80 T DISP_GetScreenBpp
01e0ee88 T DISP_GetPages
01e0ee90 t disp_dump_lcm_parameters
01e0ef14 t disp_drv_init_ctrl_if
01e0f158 T mt65xx_disp_wait_idle
01e0f18c T DISP_UpdateScreen
01e0f350 T mt65xx_disp_update
01e0f384 t lcm_mdelay
01e0f390 t lcm_mdelay
01e0f39c t lcm_udelay
01e0f3a0 t lcm_read_data
01e0f450 t lcm_send_data
01e0f4d4 t lcm_send_cmd
01e0f558 t lcm_set_reset_pin
01e0f560 T disp_drv_get_lcm_driver
01e0f710 T DISP_DetectDevice
01e0f764 t disp_drv_init_context
01e0f810 T DISP_GetVRamSize
01e0f858 T mt65xx_disp_get_vram_size
01e0f85c T DISP_GetScreenHeight
01e0f878 T DISP_GetScreenWidth
01e0f894 T DISP_PanelEnable
01e0fa48 T DISP_PowerEnable
01e0fa90 T mt65xx_disp_power
01e0fac8 T DISP_Init
01e0fb4c T video_hw_init
01e0fbb8 T mt65xx_disp_get_lcd_time
01e0fd30 T mt65xx_disp_init
01e1009c T DISP_GetDriverDBI
01e100a8 t disp_drv_dbi_init_context
01e10108 t dbi_get_panel_color_format
01e101a0 t get_fb_size
01e101e8 t get_fb_size
01e10230 t get_fb_size
01e10278 t dbi_get_vram_size
01e10290 t dbi_set_fb_addr
01e102cc t dbi_enable_power
01e104e4 t dbi_init
01e10764 T LCD_ConfigIfFormat
01e107a8 T LCD_SetResetSignal
01e107c8 T LCD_ConfigDSIIfFormat
01e10804 T LCD_EnableHwTrigger
01e10848 T LCD_FBSetPitch
01e10870 T LCD_TE_Enable
01e10898 T LCD_TE_SetMode
01e108c0 T LCD_TE_SetEdgePolarity
01e108e8 T LCD_TE_ConfigVHSyncMode
01e108f0 T LCD_W2M_NeedLimiteSpeed
01e10900 T LCD_SetGMCThrottle
01e10a00 T LCD_ReadIF
01e10ae8 T LCD_WriteIF
01e10bc8 T LCD_SelectWriteIF
01e10c50 T LCD_PowerOn
01e10eb4 T LCD_Set_DrivingCurrent
01e10f7c T LCD_Init_IO_pad
01e11078 t _WaitForEngineNotBusy
01e1112c t _WaitForEngineNotBusy
01e11168 T LCD_StartTransfer
01e11220 T LCD_FBSetStartCoord
01e11248 T LCD_FBSetAddress
01e1129c T LCD_FBEnable
01e11324 T LCD_FBSetFormat
01e11358 T LCD_WaitDPIIndication
01e11388 T LCD_SetOutputMode
01e113d4 T LCD_SetRoiWindow
01e11424 T LCD_SetBackgroundColor
01e11444 T LCD_LayerSetTriggerMode
01e11570 T LCD_LayerSetSourceColorKey
01e11618 T LCD_LayerSetRotation
01e116b0 T LCD_LayerSetFormat
01e11748 T LCD_LayerSetOffset
01e117e0 T LCD_LayerSetPitch
01e1186c T LCD_LayerSetSize
01e11904 T LCD_LayerSetAddress
01e119a8 T LCD_LayerEnable
01e11ab8 T LCD_ConfigParallelIF
01e11cb0 T LCD_WaitForNotBusy
01e11cc0 T LCD_PowerOff
01e11f38 T LCD_ConfigSerialIF
01e1209c T LCD_Init
01e12148 T DISP_GetDriverDSI
01e12154 T get_dsi_tmp_buffer_format
01e121a0 T get_lcd_tmp_buffer_format
01e121bc T get_dsi_tmp_buffer_bpp
01e121d8 t disp_drv_dsi_init_context
01e12228 t dsi_get_panel_color_format
01e12298 t get_intermediate_buffer_size
01e122d8 t get_intermediate_buffer_size
01e12314 t dsi_get_vram_size
01e12368 t dsi_set_fb_addr
01e123a4 t dsi_enable_power
01e127b0 t init_lcd
01e12b2c t init_assertion_layer
01e12ba4 T init_dsi
01e12de4 t dsi_init
01e13150 T DSI_SetMode
01e1316c T DSI_PHY_clk_switch
01e13194 T DSI_clk_HS_mode
01e131d8 T DSI_Write_T2_INS
01e13240 T DSI_write_lcm_cmd
01e13290 T DSI_write_lcm_regs
01e132cc T DSI_read_lcm_reg
01e132d4 T DSI_DumpRegisters
01e13354 T DSI_EnableClk
01e13384 T DSI_WaitForNotBusy
01e13394 T DSI_set_cmdq
01e1344c T DSI_PHY_TIMCONFIG
01e13844 T DSI_PowerOff
01e13948 T DSI_PowerOn
01e13a50 T DSI_lane0_ULP_mode
01e13abc T DSI_clk_ULP_mode
01e13b30 T DSI_Reset
01e13b70 T DSI_dcs_read_lcm_reg_v2
01e13ee0 T DSI_dcs_read_lcm_reg
01e141e4 T DSI_set_cmdq_V2
01e14858 T DSI_PHY_clk_setting
01e14950 T DSI_Init
01e149bc t disp_drv_dpi_init_context
01e14a00 T DISP_GetDriverDPI
01e14a0c t dpi_get_panel_color_format
01e14a7c T get_tmp_buffer_dpi_format
01e14ac8 T get_tmp_buffer_lcd_format
01e14ae4 T get_tmp_buffer_bpp
01e14b00 t dpi_get_vram_size
01e14b24 t dpi_set_fb_addr
01e14b60 t dpi_enable_power
01e14c5c t dpi_init
01e152e4 T DPI_Init_PLL
01e15358 T DPI_PowerOn
01e153c4 T DPI_PowerOff
01e15434 T DPI_EnableClk
01e15450 T DPI_DisableClk
01e1546c T DPI_EnableSeqOutput
01e15494 T DPI_SetRGBOrder
01e154b4 T DPI_ConfigDataEnable
01e154dc T DPI_ConfigVsync
01e15518 T DPI_ConfigHsync
01e15558 T DPI_FBSyncFlipWithLCD
01e15580 T DPI_SetDSIMode
01e155a8 T DPI_FBSetFormat
01e155c4 T DPI_FBSetSize
01e155e4 T DPI_FBSetPitch
01e15630 T DPI_FBSetAddress
01e15678 T DPI_FBEnable
01e156f8 T DPI_ConfigPixelClk
01e1578c T DPI_Set_DrivingCurrent
01e15844 T DPI_Init
01e1594c T mt65xx_disp_fill_rect
01e15a9c T mt65xx_disp_draw_prog_bar
01e15bb0 T mt65xx_logo_get_custom_if
01e15bd4 T mt65xx_disp_enter_charging_state
01e15bfc T mt65xx_logo_decompress
01e15ce4 t show_logo
01e15ecc T mt65xx_disp_show_low_battery
01e15f20 T mt65xx_disp_show_charger_ov_logo
01e15f74 T mt65xx_disp_show_boot_logo
01e15fc8 T cust_show_battery_capacity
01e16080 T mt65xx_disp_show_battery_capacity
01e160bc T mt65xx_disp_show_battery_full
01e160f0 T mt6575_get_bus_freq
01e161f8 T get_mapping_block_index
01e16284 t dump_bmt_info
01e162d8 T nand_block_bad_bmt
01e162ec T nand_read_page_bmt
01e16320 T init_bmt
01e166c8 T mt6575_irq_unmask
01e166ec T mt6575_irq_mask_all
01e16764 T mt6575_irq_mask_restore
01e167d8 T mt6575_irq_set_sens
01e16830 T mt6575_irq_ack
01e16840 T mt6575_init_irq
01e16910 T mt6575_irq_set_polarity
01e1695c T BAT_PostFullModeAction
01e16988 T BattVoltToPercent
01e16a44 T BAT_GetVoltage_notbat
01e16b38 T g_Get_I_Charging
01e16de0 T select_charging_curret
01e16ebc T pmic_chrdet_status
01e16ee0 T BattThermistorConverTemp
01e16fc0 T BattVoltToTemp
01e16fec T uboot_charging_display
01e17114 T BAT_GetVoltage
01e17228 T BAT_CheckBatteryStatus
01e17610 T pchr_turn_off_charging
01e17758 T check_battery_id
01e1787c T bmt_charger_ov_check
01e17920 T BAT_BatteryFullAction
01e17968 T BAT_ChargingOTAction
01e179b4 T BAT_BatteryStatusFailAction
01e17a4c T ChargerHwInit
01e17adc T pchr_turn_on_charging
01e17c14 T batdrv_init
01e17cec T BAT_TopOffModeAction
01e17d5c T BAT_ConstantCurrentModeAction
01e17ea8 T BAT_PreChargeModeAction
01e17f5c T BAT_thread
01e18280 T mt65xx_bat_init
01e18700 T mt6575_detect_key
01e187a8 t rtc_mktime
01e18844 T rtc_writeif_unlock
01e18898 T rtc_writeif_lock
01e188c4 T rtc_boot_check
01e18bdc T mt6575_power_off
01e18c84 T IMM_GetOneChannelValue
01e18e0c T i2c_v1_write
01e18f3c T i2c_v1_read
01e19088 T DAL_Init
01e19090 T DAL_GetLayerSize
01e190ac T sc_mod_exit
01e190c0 T dcm_enable
01e1915c T power_saving_init
01e191b4 T mt6575_sleep
01e193ac T sc_mod_init
01e19710 T LOGO_GetCustomIF
01e19734 T get_cust_led_list
01e19740 T mt6575_part_get_device
01e19790 T mt6575_part_register_device
01e197ec t mt6575_part_generic_write
01e1997c T mt6575_part_generic_read
01e19aac T mt6575_part_get_partition
01e19b58 T mt6575_part_init
01e19bf4 t lcm_update
01e19c9c t lcm_update
01e19d44 t lcm_compare_id
01e19e6c t lcm_compare_id
01e19f0c t lcm_get_params
01e1a01c t lcm_get_params
01e1a0e0 t lcm_set_util_funcs
01e1a0f4 t lcm_set_util_funcs
01e1a108 t push_table.clone.0
01e1a174 t push_table.clone.0
01e1a1e0 t lcm_resume
01e1a1f0 t lcm_resume
01e1a200 t lcm_suspend
01e1a210 t lcm_suspend
01e1a220 t lcm_init
01e1a288 t lcm_init
01e1a2e4 t lcm_esd_check
01e1a2e8 t lcm_esd_recover
01e1a2ec T crc32_no_comp
01e1a3d8 T crc32
01e1a3ec T print_size
01e1a514 T strcpy
01e1a530 T strncpy
01e1a558 T strcmp
01e1a588 T strncmp
01e1a5d0 T strchr
01e1a5fc T strlen
01e1a61c T strnlen
01e1a650 T memset
01e1a6c4 T memcpy
01e1a730 T simple_strtoul
01e1a7e0 T simple_strtol
01e1a808 T panic
01e1a858 t string
01e1a8fc t put_dec
01e1aac8 t number
01e1ad04 T vsprintf
01e1b130 T sprintf
01e1b158 T inflate_fast
01e1b698 T inflate_table
01e1bc04 T inflateReset
01e1bca0 T inflateInit2_
01e1bd9c T inflateInit_
01e1bdac T inflateEnd
01e1be30 T adler32
01e1c130 T zcfree
01e1c138 T zcalloc
01e1c140 T inflate
01e1d788 T __div64_32
01e1d880 T cpu_init
01e1d888 T cleanup_before_linux
01e1d8c4 T setup_meta_com_tag
01e1d938 T setup_boot_tag
01e1d990 T msg_img_error
01e1d9f8 T msg_header_error
01e1daa0 T setup_revision_tag
01e1dae8 T do_nand_boot
01e1e2bc T icache_disable
01e1e2f8 T dcache_disable
01e1e2fc T do_reset
01e1e328 T __board_video_skip
01e1e328 W board_video_skip
01e1e330 T video_set_cursor
01e1e37c T drv_video_init
01e1e4c8 T find_mirror_pt_from_bottom
01e1e628 T load_exist_part_tab
01e1e7f8 T get_part_tab_from_complier
01e1e890 T part_init_pmt
01e1e9bc T __div0
01e1e9c0 R version_string
01e1e9f8 r C.31.2906
01e1ea78 r default_nand_name
01e1ea80 r __FUNCTION__.5819
01e1ea90 r __func__.5635
01e1eaa4 r __FUNCTION__.5127
01e1eab4 r __FUNCTION__.4460
01e1eac8 r nand_ecc_precalc_table
01e1ebc8 r __FUNCTION__.4793
01e1ebe0 r __FUNCTION__.4732
01e1ebf8 r gen_FlashTable
01e1ecd4 r __FUNCTION__.5037
01e1ece4 r C.85.4912
01e1ecf0 r C.86.4913
01e1ed00 r lcm_utils
01e1ed48 r __func__.4968
01e1ed5c r __func__.4955
01e1ed70 r DBI_DISP_DRV.4095
01e1ed84 r __func__.3835
01e1eda0 r TO_BPP
01e1edac R LCD_REG
01e1edb0 R NLI_ARB_CS
01e1edb4 R DPI_PAD_CON
01e1edb8 R INFRA_DRV5
01e1edbc R INFRA_DRV6
01e1edc0 R INFRA_DRV12
01e1edc4 r DSI_DISP_DRV.5826
01e1edd8 r TO_LCD_FORMAT.5197
01e1ede0 r TO_BPP.5191
01e1ede8 R DSI_REG
01e1edec R DSI_PHY_REG
01e1edf0 R DSI_CMDQ_REG
01e1edf4 r DPI_DISP_DRV.4842
01e1ee08 r TO_LCD_FORMAT.4446
01e1ee10 r TO_BPP.4440
01e1ee18 R BACKUP_DPI_REG_OFFSETS
01e1ee6c R DPI_REG
01e1ee70 R DSI_PHY_REG_DPI
01e1ee74 R PLL_SOURCE
01e1ee78 R INFRA_DRV_CON1
01e1ee7c R INFRA_DRV_CON2
01e1ee80 R INFRA_DRV_CON12
01e1ee84 r __FUNCTION__.1734
01e1ee94 r C.31.5100
01e1ef1c r __FUNCTION__.3141
01e1ef38 r crc_table
01e1f338 r names.2998
01e1f340 r digits.3217
01e1f350 R hex_asc
01e1f364 r lext.3558
01e1f3a4 r lbase.3557
01e1f3e4 r dext.3560
01e1f424 r dbase.3559
01e1f464 r lenfix
01e1fc64 r distfix
01e1fce4 r order.3867
01e1fd0c R z_errmsg
01e2597c D init_sequence
01e259a8 D nand_curr_device
01e259ac d nand_oob_8
01e25bf4 d nand_oob_16
01e25e3c d nand_oob_64
01e26084 d nand_oob_128
01e262cc d bbt_main_descr
01e262f0 d bbt_mirror_descr
01e26314 d agand_flashbased
01e26338 d smallpage_flashbased
01e2635c d largepage_flashbased
01e26380 d smallpage_memorybased
01e263a4 d largepage_memorybased
01e263c8 d bbt_pattern
01e263cc d mirror_pattern
01e263d0 d scan_agand_pattern
01e263d8 d scan_ff_pattern
01e263dc D nand_flash_ids
01e2682c D nand_manuf_ids
01e2687c d env_id
01e26880 d av_
01e26c88 d sbrk_base
01e26c8c d trim_threshold
01e26c90 d mmap_threshold
01e26c94 D default_environment
01e26d00 d erase_seq
01e26d04 d tab_seq
01e26d10 d g_lastlevel
01e26d2c D nand_oob_64
01e26f74 D nand_oob_128
01e271bc d nand_oob_16
01e27404 d gpio_dat
01e27408 D gpio_init_dir_data
01e27428 D gpio_init_pullen_data
01e27448 D gpio_init_pullsel_data
01e27468 D gpio_init_dout_data
01e27488 D gpio_init_mode_data
01e274e8 D PWM_register
01e27504 D Enable_BATDRV_LOG
01e27508 D Batt_VoltToPercent_Table
01e27560 D g_temp_CC_value
01e27564 D g_bl_on
01e27568 D prog_first
01e2756c D prog
01e27570 D CHARGING_FULL_CURRENT
01e27574 D CHR_CON_9
01e27578 D CHR_CON_10
01e2757c D V_CC2TOPOFF_THRES
01e27580 D V_PRE2CC_THRES
01e27584 D g_usb_state
01e27588 D g_thread_count
01e2758c D V_compensate_EVB
01e27590 D CHR_CON_0
01e27594 D CHR_CON_1
01e27598 D CHR_CON_2
01e2759c D CHR_CON_4
01e275a0 D CHR_CON_6
01e275a4 D PMIC_RESERVE_CON1
01e275a8 D CSDAC_DAT_MAX
01e275ac D g_R_BAT_SENSE
01e275b0 D g_R_I_SENSE
01e275b4 D g_R_CHARGER_1
01e275b8 D g_R_CHARGER_2
01e275bc d cust_led_list
01e27610 D mt6575_parts
01e27730 D lcm_driver_list
01e27738 D lcm_count
01e2773c d lcm_sleep_out_setting
01e278d4 d lcm_deep_sleep_mode_in_setting
01e27a28 d lcm_initialization_setting
01e287b4 D nt35510_dsi_6575_lcm_drv
01e287e8 d lcm_sleep_out_setting
01e28a08 d lcm_deep_sleep_mode_in_setting
01e28b5c d lcm_initialization_setting
01e290ac D ili9488_dsi_6575_lcm_drv
01e290e0 D _ctype
01e291e0 A __u_boot_cmd_start
01e291e0 D __u_boot_cmd_nand_boot
01e291f8 D __u_boot_cmd_help
01e29210 D __u_boot_cmd_question_mark
01e29228 D __u_boot_cmd_printenv
01e29240 D __u_boot_cmd_setenv
01e29258 D __u_boot_cmd_version
01e29270 A __bss_start
01e29270 A __u_boot_cmd_end
01e29270 B boot_time
01e29274 B monitor_flash_len
01e29278 B nand_info
01e29328 b nand_chip
01e2943c B nand_flash_man_code
01e29440 B nand_flash_dev_id
01e29444 b ctrlc_disabled
01e29448 b ctrlc_was_pressed
01e2944c B mem_malloc_brk
01e29450 B mem_malloc_start
01e29454 B mem_malloc_end
01e29458 b current_mallinfo
01e29480 b top_pad
01e29484 b max_sbrked_mem
01e29488 b max_total_mem
01e2948c b n_mmaps_max
01e29490 B env_ptr
01e29494 B console_buffer
01e29598 b lastcommand.2920
01e29698 b devs
01e296d4 B stdio_devices
01e296e0 B load_addr
01e296e4 B g_boot_arg
01e296e8 b g_nr_bank
01e296ec b g_rank_size
01e296f0 B g_boot_mode
01e296f4 B g_kmem_off
01e296f8 B g_rmem_off
01e296fc B g_fcimg_sz
01e29700 B g_rcimg_sz
01e29704 B g_bimg_sz
01e29708 B g_kimg_sz
01e2970c B g_rimg_sz
01e29710 B g_uart
01e29714 B g_brg
01e29718 b lastinc
01e2971c b timestamp
01e29720 B g_kCMD
01e29770 b g_i4ErrNum
01e29774 B devinfo
01e297a0 b g_bInitDone
01e297a4 B total_size
01e297a8 b g_bmt
01e297ac b dev.5093
01e297c4 b g_u4ChipVer
01e297c8 b timeout
01e297ca b is_rgu_trigger_rst
01e297cc B gpio_init_dinv_data
01e297ec b pwm_status
01e297f0 B PWM_REG_OFF
01e297f4 B g_first_check
01e297f8 B g_ret
01e297fc B g_charger_in_flag
01e29800 b logo_db_addr
01e29804 b fb_addr
01e29808 b fb_size
01e2980c B lcm_drv
01e29810 b isLCMFound
01e29811 b is_overlaying
01e29814 B lcm_params
01e29818 b ctrl_if
01e2981c b s_lcm_params
01e299ac b disp_drv
01e299b0 b vramSize.5211
01e299b4 b s_enabled.5034
01e299b5 b s_enabled.5017
01e299b8 b s_mt65xx_gd.4673
01e29a48 b _lcdContext
01e2aa18 b s_isLcdPowerOn
01e2aa19 b limit_w2m_speed
01e2aa1c B wait_time
01e2aa20 b dsiTmpBufBpp
01e2aa24 b s_tmpBuffers
01e2aa3c b s_isDsiPowerOn
01e2aa40 b _dsiContext
01e2aba8 b s_tmpBuffers
01e2abc0 b s_isDpiPowerOn
01e2abc4 b regBackup
01e2ac7c b logo_cust_if
01e2ac80 b system_block_count
01e2ac84 b bmt
01e2ae88 b nand_chip_bmt
01e2ae8c b pool_erased
01e2ae90 b bmt_block_index
01e2ae94 b bmt_block_count
01e2ae98 b total_block_count
01e2ae9c b page_per_block
01e2aea0 b dat_buf
01e2bea0 b oob_buf
01e2bf20 B g_chr_event
01e2bf24 B BMT_status
01e2bf84 B g_eco_version
01e2bf88 B g_E1_vbat_sense
01e2bf8c B gADC_I_SENSE_offset
01e2bf90 B g_BatteryAverageCurrent
01e2bf94 B user_view_flag
01e2bf98 B bat_volt_check_point
01e2bf9c B prog_temp
01e2bfa0 B bl_switch
01e2bfa4 B bl_switch_timer
01e2bfa8 B g_bat_temperature_pre
01e2bfac B g_HW_Charging_Done
01e2bfb0 B g_HW_stop_charging
01e2bfb4 B bat_volt_cp_flag
01e2bfb8 B batteryBufferFirst
01e2bfbc b batteryVoltageBuffer
01e2c034 b batteryCurrentBuffer
01e2c0ac b batterySOCBuffer
01e2c124 b batteryVoltageSum
01e2c128 b batteryCurrentSum
01e2c12c b batterySOCSum
01e2c130 b batteryIndex
01e2c134 B g_bat_full_user_view
01e2c138 B low_bat_boot_display
01e2c13c b CHR_Type_num
01e2c140 B gADC_BAT_SENSE_temp
01e2c144 B gADC_I_SENSE_temp
01e2c148 B charger_ov_boot_display
01e2c14c B g_Charging_Over_Time
01e2c150 B post_charging_time
01e2c154 B get_pmic_flag
01e2c158 B g_Battery_Fail
01e2c15c B g_SW_CHR_OUT_EN
01e2c160 B save_value
01e2c164 B CSDAC_DAT
01e2c168 B VBAT_CV_DET
01e2c16c B CS_DET
01e2c170 B getVoltFlag
01e2c174 b CUST_IF.3476
01e2c188 b mt6575_part_dev
01e2c18c b mt6575_part_buf
01e2c190 B tempart
01e2c1a0 B lastest_part
01e2c90c b lcm_util
01e2c954 b lcm_util
01e2c99c b params
01e2c9a0 b pGD
01e2c9a4 b video_fb_address
01e2c9a8 b eorx
01e2c9ac b bgx
01e2c9b0 b console_col
01e2c9b4 b console_row
01e2c9b8 b video_console_address
01e2c9bc b fgx
01e2c9c0 b block_size
01e2c9c4 b page_size
01e2c9c8 B page_buf
01e2da48 b pi
01e2da4c A _end
