Archive member included because of file (symbol)

arch/arm/lib/libarm.a(board.o)
                              arch/arm/cpu/arm_cortexa9/start.o (start_armboot)
arch/arm/lib/libarm.a(interrupts.o)
                              arch/arm/lib/libarm.a(board.o) (interrupt_init)
drivers/mtd/nand/libnand.a(nand.o)
                              arch/arm/lib/libarm.a(board.o) (nand_init)
drivers/mtd/nand/libnand.a(nand_base.o)
                              drivers/mtd/nand/libnand.a(nand.o) (nand_scan)
drivers/mtd/nand/libnand.a(nand_bbt.o)
                              drivers/mtd/nand/libnand.a(nand_base.o) (nand_isbad_bbt)
drivers/mtd/nand/libnand.a(nand_ecc.o)
                              drivers/mtd/nand/libnand.a(nand_base.o) (nand_calculate_ecc)
drivers/mtd/nand/libnand.a(nand_ids.o)
                              drivers/mtd/nand/libnand.a(nand_base.o) (nand_flash_ids)
common/libcommon.a(cmd_boot.o)
                              (__u_boot_cmd_nand_boot)
common/libcommon.a(cmd_help.o)
                              (__u_boot_cmd_help)
common/libcommon.a(cmd_nvedit.o)
                              arch/arm/lib/libarm.a(board.o) (getenv_r)
common/libcommon.a(cmd_version.o)
                              (__u_boot_cmd_version)
common/libcommon.a(command.o)
                              common/libcommon.a(cmd_nvedit.o) (cmd_usage)
common/libcommon.a(console.o)
                              arch/arm/lib/libarm.a(board.o) (printf)
common/libcommon.a(dlmalloc.o)
                              drivers/mtd/nand/libnand.a(nand_base.o) (free)
common/libcommon.a(env_common.o)
                              common/libcommon.a(cmd_nvedit.o) (env_get_addr)
common/libcommon.a(env_nowhere.o)
                              common/libcommon.a(env_common.o) (env_relocate_spec)
common/libcommon.a(exports.o)
                              arch/arm/lib/libarm.a(board.o) (jumptable_init)
common/libcommon.a(main.o)    arch/arm/lib/libarm.a(board.o) (main_loop)
common/libcommon.a(stdio.o)   common/libcommon.a(console.o) (stdio_get_list)
common/libcommon.a(cmd_bootm.o)
                              common/libcommon.a(cmd_nvedit.o) (load_addr)
../../../mediatek/platform/mt6575/uboot/libmt6575.a(mt6575.o)
                              arch/arm/lib/libarm.a(board.o) (dram_init)
../../../mediatek/platform/mt6575/uboot/libmt6575.a(mt6575_board.o)
                              arch/arm/lib/libarm.a(board.o) (misc_init_r)
../../../mediatek/platform/mt6575/uboot/libmt6575.a(mt65xx_leds.o)
                              ../../../mediatek/platform/mt6575/uboot/libmt6575.a(mt6575_board.o) (leds_init)
../../../mediatek/platform/mt6575/uboot/libmt6575.a(boot_mode.o)
                              ../../../mediatek/platform/mt6575/uboot/libmt6575.a(mt6575_board.o) (boot_mode_select)
../../../mediatek/platform/mt6575/uboot/libmt6575.a(load_image.o)
                              ../../../mediatek/platform/mt6575/uboot/libmt6575.a(mt6575_board.o) (mboot_common_load_logo)
../../../mediatek/platform/mt6575/uboot/libmt6575.a(mtk_serial.o)
                              common/libcommon.a(console.o) (serial_getc)
../../../mediatek/platform/mt6575/uboot/libmt6575.a(mtk_timer.o)
                              drivers/mtd/nand/libnand.a(nand_base.o) (reset_timer)
../../../mediatek/platform/mt6575/uboot/libmt6575.a(mt6575_nand.o)
                              drivers/mtd/nand/libnand.a(nand.o) (board_nand_select_device)
../../../mediatek/platform/mt6575/uboot/libmt6575.a(mt6575_meta.o)
                              ../../../mediatek/platform/mt6575/uboot/libmt6575.a(boot_mode.o) (meta_detection)
../../../mediatek/platform/mt6575/uboot/libmt6575.a(mt6575_recovery.o)
                              ../../../mediatek/platform/mt6575/uboot/libmt6575.a(mt6575.o) (recovery_detection)
../../../mediatek/platform/mt6575/uboot/libmt6575.a(mtk_wdt.o)
                              ../../../mediatek/platform/mt6575/uboot/libmt6575.a(mt6575_board.o) (mtk_wdt_init)
../../../mediatek/platform/mt6575/uboot/libmt6575.a(mt6575_gpio.o)
                              ../../../mediatek/platform/mt6575/uboot/libmt6575.a(mt65xx_leds.o) (mt_set_gpio_dir)
../../../mediatek/platform/mt6575/uboot/libmt6575.a(mt6575_gpio_init.o)
                              ../../../mediatek/platform/mt6575/uboot/libmt6575.a(mt6575_board.o) (mt_gpio_set_default)
../../../mediatek/platform/mt6575/uboot/libmt6575.a(mt6575_pwm.o)
                              ../../../mediatek/platform/mt6575/uboot/libmt6575.a(mt65xx_leds.o) (mt_power_off)
../../../mediatek/platform/mt6575/uboot/libmt6575.a(mt6575_pmic6329.o)
                              ../../../mediatek/platform/mt6575/uboot/libmt6575.a(mt65xx_leds.o) (upmu_boost_vrsel)
../../../mediatek/platform/mt6575/uboot/libmt6575.a(mt6575_disp_drv.o)
                              ../../../mediatek/platform/mt6575/uboot/libmt6575.a(mt6575_board.o) (mt65xx_get_logo_db_addr)
../../../mediatek/platform/mt6575/uboot/libmt6575.a(mt6575_disp_drv_dbi.o)
[...]
Memory Configuration

Name             Origin             Length             Attributes
*default*        0x00000000         0xffffffff

Linker script and memory map

                0x00000000                . = 0x0
                0x00000000                . = ALIGN (0x4)

.text           0x01e00000      0x87c
 arch/arm/cpu/arm_cortexa9/start.o(.text)
 .text          0x01e00000      0x420 arch/arm/cpu/arm_cortexa9/start.o
                0x01e00040                _end_vect
                0x01e00048                _bss_start
                0x01e0004c                _bss_end
                0x01e00044                _armboot_start
                0x01e00000                _start
                0x01e003b8                v7_invalidate_dcache_all
                0x01e00050                BOOT_ARGUMENT_LOCATION
 *(.text)
 .text          0x01e00420       0x30 ../../../mediatek/platform/mt6575/uboot/libmt6575.a(lowlevel_init.o)
                0x01e00424                lowlevel_init
 .text          0x01e00450       0x1c /local/build/sourcecode/vL3V/bootable/bootloader/uboot/arch/arm/lib/libgcc.a(_ashldi3.o)
                0x01e00450                __ashldi3
                0x01e00450                __aeabi_llsl
 .text          0x01e0046c       0x1c /local/build/sourcecode/vL3V/bootable/bootloader/uboot/arch/arm/lib/libgcc.a(_ashrdi3.o)
                0x01e0046c                __ashrdi3
                0x01e0046c                __aeabi_lasr
 *fill*         0x01e00488       0x18 00
 .text          0x01e004a0      0x140 /local/build/sourcecode/vL3V/bootable/bootloader/uboot/arch/arm/lib/libgcc.a(_divsi3.o)
                0x01e004a0                __aeabi_idiv
                0x01e004a0                __divsi3
 .text          0x01e005e0       0x1c /local/build/sourcecode/vL3V/bootable/bootloader/uboot/arch/arm/lib/libgcc.a(_lshrdi3.o)
                0x01e005e0                __aeabi_llsr
                0x01e005e0                __lshrdi3
 *fill*         0x01e005fc        0x4 00
 .text          0x01e00600      0x100 /local/build/sourcecode/vL3V/bootable/bootloader/uboot/arch/arm/lib/libgcc.a(_modsi3.o)
                0x01e00600                __modsi3
 .text          0x01e00700       0xc8 /local/build/sourcecode/vL3V/bootable/bootloader/uboot/arch/arm/lib/libgcc.a(_udivsi3.o)
                0x01e00700                __udivsi3
                0x01e00700                __aeabi_uidiv
                0x01e00798                __aeabi_uidivmod
                0x01e007b0                __aeabi_idivmod
 .text          0x01e007c8       0xb4 /local/build/sourcecode/vL3V/bootable/bootloader/uboot/arch/arm/lib/libgcc.a(_umodsi3.o)
                0x01e007c8                __umodsi3

.glue_7         0x01e0087c        0x0
 .glue_7        0x00000000        0x0 linker stubs

.glue_7t        0x01e0087c        0x0
 .glue_7t       0x00000000        0x0 linker stubs

.vfp11_veneer   0x01e0087c        0x0
 .vfp11_veneer  0x00000000        0x0 linker stubs

.v4_bx          0x01e0087c        0x0
 .v4_bx         0x00000000        0x0 linker stubs

.text.hang      0x01e0087c       0x10
 .text.hang     0x01e0087c       0x10 arch/arm/lib/libarm.a(board.o)
                0x01e0087c                hang

.text.display_banner
                0x01e0088c       0x20
 .text.display_banner
                0x01e0088c       0x20 arch/arm/lib/libarm.a(board.o)

.text.display_dram_config
                0x01e008ac       0x6c
 .text.display_dram_config
                0x01e008ac       0x6c arch/arm/lib/libarm.a(board.o)

.text.init_baudrate
                0x01e00918       0x5c
 .text.init_baudrate
                0x01e00918       0x5c arch/arm/lib/libarm.a(board.o)

.text.start_armboot
                0x01e00974      0x23c
 .text.start_armboot
                0x01e00974      0x23c arch/arm/lib/libarm.a(board.o)
                0x01e00974                start_armboot

.text.disable_interrupts
                0x01e00bb0        0x8
 .text.disable_interrupts
                0x01e00bb0        0x8 arch/arm/lib/libarm.a(interrupts.o)
                0x01e00bb0                disable_interrupts

.text.interrupt_init
                0x01e00bb8        0x8
 .text.interrupt_init
                0x01e00bb8        0x8 arch/arm/lib/libarm.a(interrupts.o)
                0x01e00bb8                interrupt_init

.text.reset_cpu
                0x01e00bc0        0x4
 .text.reset_cpu
                0x01e00bc0        0x4 arch/arm/lib/libarm.a(interrupts.o)
                0x01e00bc0                reset_cpu

.text.show_regs
                0x01e00bc4      0x140
 .text.show_regs
                0x01e00bc4      0x140 arch/arm/lib/libarm.a(interrupts.o)
                0x01e00bc4                show_regs

.text.bad_mode  0x01e00d04        0xc
 .text.bad_mode
                0x01e00d04        0xc arch/arm/lib/libarm.a(interrupts.o)
                0x01e00d04                bad_mode

.text.do_irq    0x01e00d10       0x24
 .text.do_irq   0x01e00d10       0x24 arch/arm/lib/libarm.a(interrupts.o)
                0x01e00d10                do_irq

.text.do_fiq    0x01e00d34       0x24
 .text.do_fiq   0x01e00d34       0x24 arch/arm/lib/libarm.a(interrupts.o)
                0x01e00d34                do_fiq

.text.do_not_used
                0x01e00d58       0x24
 .text.do_not_used
                0x01e00d58       0x24 arch/arm/lib/libarm.a(interrupts.o)
                0x01e00d58                do_not_used

.text.do_data_abort
                0x01e00d7c       0x24
 .text.do_data_abort
                0x01e00d7c       0x24 arch/arm/lib/libarm.a(interrupts.o)
                0x01e00d7c                do_data_abort

.text.do_prefetch_abort
                0x01e00da0       0x24
 .text.do_prefetch_abort
                0x01e00da0       0x24 arch/arm/lib/libarm.a(interrupts.o)
                0x01e00da0                do_prefetch_abort

.text.do_software_interrupt
                0x01e00dc4       0x24
 .text.do_software_interrupt
                0x01e00dc4       0x24 arch/arm/lib/libarm.a(interrupts.o)
                0x01e00dc4                do_software_interrupt

.text.do_undefined_instruction
                0x01e00de8       0x24
 .text.do_undefined_instruction
                0x01e00de8       0x24 arch/arm/lib/libarm.a(interrupts.o)
                0x01e00de8                do_undefined_instruction

.text.nand_init
                0x01e00e0c       0xdc
 .text.nand_init
                0x01e00e0c       0xdc drivers/mtd/nand/libnand.a(nand.o)
                0x01e00e0c                nand_init

.text.generic_ffs
                0x01e00ee8       0x50
 .text.generic_ffs
                0x01e00ee8       0x50 drivers/mtd/nand/libnand.a(nand_base.o)

.text.nand_release_device
                0x01e00f38       0x18
 .text.nand_release_device
                0x01e00f38       0x18 drivers/mtd/nand/libnand.a(nand_base.o)

.text.nand_read_word
                0x01e00f50       0x10
 .text.nand_read_word
                0x01e00f50       0x10 drivers/mtd/nand/libnand.a(nand_base.o)

.text.nand_block_bad
                0x01e00f60       0xec
 .text.nand_block_bad
                0x01e00f60       0xec drivers/mtd/nand/libnand.a(nand_base.o)

.text.nand_check_wp
                0x01e0104c       0x3c
 .text.nand_check_wp
                0x01e0104c       0x3c drivers/mtd/nand/libnand.a(nand_base.o)

.text.nand_read_page_raw
                0x01e01088       0x38
 .text.nand_read_page_raw
                0x01e01088       0x38 drivers/mtd/nand/libnand.a(nand_base.o)

.text.nand_read_page_raw_syndrome
                0x01e010c0       0xd0
 .text.nand_read_page_raw_syndrome
                0x01e010c0       0xd0 drivers/mtd/nand/libnand.a(nand_base.o)

.text.nand_read_page_swecc
                0x01e01190      0x108
 .text.nand_read_page_swecc
                0x01e01190      0x108 drivers/mtd/nand/libnand.a(nand_base.o)

.text.nand_read_subpage
                0x01e01298      0x290
 .text.nand_read_subpage
                0x01e01298      0x290 drivers/mtd/nand/libnand.a(nand_base.o)

.text.nand_read_page_hwecc
                0x01e01528      0x134
 .text.nand_read_page_hwecc
                0x01e01528      0x134 drivers/mtd/nand/libnand.a(nand_base.o)

.text.nand_read_page_hwecc_oob_first
                0x01e0165c      0x140
 .text.nand_read_page_hwecc_oob_first
                0x01e0165c      0x140 drivers/mtd/nand/libnand.a(nand_base.o)

.text.nand_read_page_syndrome
                0x01e0179c      0x124
 .text.nand_read_page_syndrome
                0x01e0179c      0x124 drivers/mtd/nand/libnand.a(nand_base.o)

.text.nand_read_oob_std
                0x01e018c0       0x44
 .text.nand_read_oob_std
                0x01e018c0       0x44 drivers/mtd/nand/libnand.a(nand_base.o)

.text.nand_read_oob_syndrome
                0x01e01904       0xfc
 .text.nand_read_oob_syndrome
                0x01e01904       0xfc drivers/mtd/nand/libnand.a(nand_base.o)

.text.nand_write_oob_std
                0x01e01a00       0x70
 .text.nand_write_oob_std
                0x01e01a00       0x70 drivers/mtd/nand/libnand.a(nand_base.o)

.text.nand_write_oob_syndrome
                0x01e01a70      0x19c
 .text.nand_write_oob_syndrome
                0x01e01a70      0x19c drivers/mtd/nand/libnand.a(nand_base.o)

.text.nand_write_page_raw
                0x01e01c0c       0x34
 .text.nand_write_page_raw
                0x01e01c0c       0x34 drivers/mtd/nand/libnand.a(nand_base.o)

.text.nand_write_page_raw_syndrome
                0x01e01c40       0xcc
 .text.nand_write_page_raw_syndrome
                0x01e01c40       0xcc drivers/mtd/nand/libnand.a(nand_base.o)

.text.nand_write_page_swecc
                0x01e01d0c       0xb4
 .text.nand_write_page_swecc
                0x01e01d0c       0xb4 drivers/mtd/nand/libnand.a(nand_base.o)

.text.nand_write_page_hwecc
                0x01e01dc0       0xc4
 .text.nand_write_page_hwecc
                0x01e01dc0       0xc4 drivers/mtd/nand/libnand.a(nand_base.o)

.text.nand_write_page_syndrome
                0x01e01e84       0xf0
 .text.nand_write_page_syndrome
                0x01e01e84       0xf0 drivers/mtd/nand/libnand.a(nand_base.o)

.text.single_erase_cmd
                0x01e01f74       0x3c
 .text.single_erase_cmd
                0x01e01f74       0x3c drivers/mtd/nand/libnand.a(nand_base.o)

.text.multi_erase_cmd
                0x01e01fb0       0x8c
 .text.multi_erase_cmd
                0x01e01fb0       0x8c drivers/mtd/nand/libnand.a(nand_base.o)

.text.nand_sync
                0x01e0203c       0x10
 .text.nand_sync
                0x01e0203c       0x10 drivers/mtd/nand/libnand.a(nand_base.o)

.text.nand_suspend
                0x01e0204c       0x14
 .text.nand_suspend
                0x01e0204c       0x14 drivers/mtd/nand/libnand.a(nand_base.o)

.text.nand_resume
                0x01e02060       0x20
 .text.nand_resume
                0x01e02060       0x20 drivers/mtd/nand/libnand.a(nand_base.o)

.text.nand_scan_tail
                0x01e02080      0x5bc
 .text.nand_scan_tail
                0x01e02080      0x5bc drivers/mtd/nand/libnand.a(nand_base.o)
                0x01e02080                nand_scan_tail

.text.nand_block_checkbad
                0x01e0263c       0x78
 .text.nand_block_checkbad
                0x01e0263c       0x78 drivers/mtd/nand/libnand.a(nand_base.o)

.text.nand_block_isbad
                0x01e026b4       0x3c
 .text.nand_block_isbad
                0x01e026b4       0x3c drivers/mtd/nand/libnand.a(nand_base.o)

.text.nand_block_markbad
                0x01e026f0       0x3c
 .text.nand_block_markbad
                0x01e026f0       0x3c drivers/mtd/nand/libnand.a(nand_base.o)

.text.nand_write_page
                0x01e0272c       0xc0
 .text.nand_write_page
                0x01e0272c       0xc0 drivers/mtd/nand/libnand.a(nand_base.o)

.text.nand_scan_ident
                0x01e027ec      0x55c
 .text.nand_scan_ident
                0x01e027ec      0x55c drivers/mtd/nand/libnand.a(nand_base.o)
                0x01e027ec                nand_scan_ident

.text.nand_scan
                0x01e02d48       0x20
 .text.nand_scan
                0x01e02d48       0x20 drivers/mtd/nand/libnand.a(nand_base.o)
                0x01e02d48                nand_scan

.text.nand_fill_oob
                0x01e02d68      0x108
 .text.nand_fill_oob
                0x01e02d68      0x108 drivers/mtd/nand/libnand.a(nand_base.o)

.text.nand_do_write_oob
                0x01e02e70      0x1c0
 .text.nand_do_write_oob
                0x01e02e70      0x1c0 drivers/mtd/nand/libnand.a(nand_base.o)

.text.nand_do_write_ops
                0x01e03030      0x350
 .text.nand_do_write_ops
                0x01e03030      0x350 drivers/mtd/nand/libnand.a(nand_base.o)

.text.nand_write_oob
                0x01e03380       0xa0
 .text.nand_write_oob
                0x01e03380       0xa0 drivers/mtd/nand/libnand.a(nand_base.o)

.text.nand_write
                0x01e03420       0x8c
 .text.nand_write
                0x01e03420       0x8c drivers/mtd/nand/libnand.a(nand_base.o)

.text.nand_transfer_oob
                0x01e034ac      0x108
 .text.nand_transfer_oob
                0x01e034ac      0x108 drivers/mtd/nand/libnand.a(nand_base.o)

.text.nand_default_block_markbad
                0x01e035b4       0xe0
 .text.nand_default_block_markbad
                0x01e035b4       0xe0 drivers/mtd/nand/libnand.a(nand_base.o)

.text.nand_erase_nand
                0x01e03694      0x3d4
 .text.nand_erase_nand
                0x01e03694      0x3d4 drivers/mtd/nand/libnand.a(nand_base.o)
                0x01e03694                nand_erase_nand

.text.nand_erase
                0x01e03a68        0x8
 .text.nand_erase
                0x01e03a68        0x8 drivers/mtd/nand/libnand.a(nand_base.o)

.text.nand_wait
                0x01e03a70       0xc0
 .text.nand_wait
                0x01e03a70       0xc0 drivers/mtd/nand/libnand.a(nand_base.o)

.text.nand_wait_ready
                0x01e03b30       0x44
 .text.nand_wait_ready
                0x01e03b30       0x44 drivers/mtd/nand/libnand.a(nand_base.o)
                0x01e03b30                nand_wait_ready

.text.nand_do_read_ops
                0x01e03b74      0x448
 .text.nand_do_read_ops
                0x01e03b74      0x448 drivers/mtd/nand/libnand.a(nand_base.o)

.text.nand_read
                0x01e03fbc       0x8c
 .text.nand_read
                0x01e03fbc       0x8c drivers/mtd/nand/libnand.a(nand_base.o)

.text.nand_read_oob
                0x01e04048      0x2c0
 .text.nand_read_oob
                0x01e04048      0x2c0 drivers/mtd/nand/libnand.a(nand_base.o)

.text.nand_command
                0x01e04308      0x1e0
 .text.nand_command
                0x01e04308      0x1e0 drivers/mtd/nand/libnand.a(nand_base.o)

.text.nand_command_lp
                0x01e044e8      0x268
 .text.nand_command_lp
                0x01e044e8      0x268 drivers/mtd/nand/libnand.a(nand_base.o)

.text.scan_read_raw
                0x01e04750       0x50
 .text.scan_read_raw
                0x01e04750       0x50 drivers/mtd/nand/libnand.a(nand_bbt.o)

.text.nand_isbad_bbt
                0x01e047a0       0x50
 .text.nand_isbad_bbt
                0x01e047a0       0x50 drivers/mtd/nand/libnand.a(nand_bbt.o)
                0x01e047a0                nand_isbad_bbt

.text.create_bbt
                0x01e047f0      0x36c
 .text.create_bbt
                0x01e047f0      0x36c drivers/mtd/nand/libnand.a(nand_bbt.o)

.text.search_bbt
                0x01e04b5c      0x2c8
 .text.search_bbt
                0x01e04b5c      0x2c8 drivers/mtd/nand/libnand.a(nand_bbt.o)

.text.read_bbt  0x01e04e24      0x240
 .text.read_bbt
                0x01e04e24      0x240 drivers/mtd/nand/libnand.a(nand_bbt.o)

.text.read_abs_bbt
                0x01e05064      0x104
 .text.read_abs_bbt
                0x01e05064      0x104 drivers/mtd/nand/libnand.a(nand_bbt.o)

.text.write_bbt
                0x01e05168      0x6f0
 .text.write_bbt
                0x01e05168      0x6f0 drivers/mtd/nand/libnand.a(nand_bbt.o)

.text.nand_update_bbt
                0x01e05858      0x13c
 .text.nand_update_bbt
                0x01e05858      0x13c drivers/mtd/nand/libnand.a(nand_bbt.o)
                0x01e05858                nand_update_bbt

.text.mark_bbt_region
                0x01e05994      0x18c
 .text.mark_bbt_region
                0x01e05994      0x18c drivers/mtd/nand/libnand.a(nand_bbt.o)

.text.nand_scan_bbt
                0x01e05b20      0x480
 .text.nand_scan_bbt
                0x01e05b20      0x480 drivers/mtd/nand/libnand.a(nand_bbt.o)
                0x01e05b20                nand_scan_bbt

.text.nand_default_bbt
                0x01e05fa0       0xc4
 .text.nand_default_bbt
                0x01e05fa0       0xc4 drivers/mtd/nand/libnand.a(nand_bbt.o)
                0x01e05fa0                nand_default_bbt

.text.nand_calculate_ecc
                0x01e06064       0xf8
 .text.nand_calculate_ecc
                0x01e06064       0xf8 drivers/mtd/nand/libnand.a(nand_ecc.o)
                0x01e06064                nand_calculate_ecc

.text.nand_correct_data
                0x01e0615c      0x120
 .text.nand_correct_data
                0x01e0615c      0x120 drivers/mtd/nand/libnand.a(nand_ecc.o)
                0x01e0615c                nand_correct_data

.text.do_help   0x01e0627c       0x48
 .text.do_help  0x01e0627c       0x48 common/libcommon.a(cmd_help.o)
                0x01e0627c                do_help

.text.envmatch  0x01e062c4       0x60
 .text.envmatch
                0x01e062c4       0x60 common/libcommon.a(cmd_nvedit.o)
                0x01e062c4                envmatch

.text.getenv_r  0x01e06324       0xb4
 .text.getenv_r
                0x01e06324       0xb4 common/libcommon.a(cmd_nvedit.o)
                0x01e06324                getenv_r

.text.getenv    0x01e063d8       0x70
 .text.getenv   0x01e063d8       0x70 common/libcommon.a(cmd_nvedit.o)
                0x01e063d8                getenv

.text._do_setenv
                0x01e06448      0x3e0
 .text._do_setenv
                0x01e06448      0x3e0 common/libcommon.a(cmd_nvedit.o)
                0x01e06448                _do_setenv

.text.do_setenv
                0x01e06828       0x2c
 .text.do_setenv
                0x01e06828       0x2c common/libcommon.a(cmd_nvedit.o)
                0x01e06828                do_setenv

.text.setenv    0x01e06854       0x4c
 .text.setenv   0x01e06854       0x4c common/libcommon.a(cmd_nvedit.o)
                0x01e06854                setenv

.text.printenv  0x01e068a0       0xe8
 .text.printenv
                0x01e068a0       0xe8 common/libcommon.a(cmd_nvedit.o)

.text.do_printenv
                0x01e06988       0x90
 .text.do_printenv
                0x01e06988       0x90 common/libcommon.a(cmd_nvedit.o)
                0x01e06988                do_printenv

.text.do_version
                0x01e06a18       0x20
 .text.do_version
                0x01e06a18       0x20 common/libcommon.a(cmd_version.o)
                0x01e06a18                do_version

.text.cmd_usage
                0x01e06a38       0x60
 .text.cmd_usage
                0x01e06a38       0x60 common/libcommon.a(command.o)
                0x01e06a38                cmd_usage

.text.find_cmd_tbl
                0x01e06a98       0x98
 .text.find_cmd_tbl
                0x01e06a98       0x98 common/libcommon.a(command.o)
                0x01e06a98                find_cmd_tbl

.text.find_cmd  0x01e06b30       0x2c
 .text.find_cmd
                0x01e06b30       0x2c common/libcommon.a(command.o)
                0x01e06b30                find_cmd

.text._do_help  0x01e06b5c      0x17c
 .text._do_help
                0x01e06b5c      0x17c common/libcommon.a(command.o)
                0x01e06b5c                _do_help

.text.console_setfile
                0x01e06cd8       0xa0
 .text.console_setfile
                0x01e06cd8       0xa0 common/libcommon.a(console.o)

.text.fgetc     0x01e06d78       0x28
 .text.fgetc    0x01e06d78       0x28 common/libcommon.a(console.o)
                0x01e06d78                fgetc

.text.ftstc     0x01e06da0       0x28
 .text.ftstc    0x01e06da0       0x28 common/libcommon.a(console.o)
                0x01e06da0                ftstc

.text.fputc     0x01e06dc8       0x2c
 .text.fputc    0x01e06dc8       0x2c common/libcommon.a(console.o)
                0x01e06dc8                fputc

.text.fputs     0x01e06df4       0x2c
 .text.fputs    0x01e06df4       0x2c common/libcommon.a(console.o)
                0x01e06df4                fputs

.text.had_ctrlc
                0x01e06e20       0x10
 .text.had_ctrlc
                0x01e06e20       0x10 common/libcommon.a(console.o)
                0x01e06e20                had_ctrlc

.text.clear_ctrlc
                0x01e06e30       0x14
 .text.clear_ctrlc
                0x01e06e30       0x14 common/libcommon.a(console.o)
                0x01e06e30                clear_ctrlc

.text.console_init_f
                0x01e06e44       0x10
 .text.console_init_f
                0x01e06e44       0x10 common/libcommon.a(console.o)
                0x01e06e44                console_init_f

.text.search_device
                0x01e06e54       0x28
 .text.search_device
                0x01e06e54       0x28 common/libcommon.a(console.o)
                0x01e06e54                search_device

.text.console_assign
                0x01e06e7c       0x40
 .text.console_assign
                0x01e06e7c       0x40 common/libcommon.a(console.o)
                0x01e06e7c                console_assign

.text.puts      0x01e06ebc       0x1c
 .text.puts     0x01e06ebc       0x1c common/libcommon.a(console.o)
                0x01e06ebc                puts

.text.vprintf   0x01e06ed8       0x2c
 .text.vprintf  0x01e06ed8       0x2c common/libcommon.a(console.o)
                0x01e06ed8                vprintf

.text.printf    0x01e06f04       0x40
 .text.printf   0x01e06f04       0x40 common/libcommon.a(console.o)
                0x01e06f04                printf

.text.putc      0x01e06f44       0x20
 .text.putc     0x01e06f44       0x20 common/libcommon.a(console.o)
                0x01e06f44                putc

.text.tstc      0x01e06f64       0x18
 .text.tstc     0x01e06f64       0x18 common/libcommon.a(console.o)
                0x01e06f64                tstc

.text.getc      0x01e06f7c       0x18
 .text.getc     0x01e06f7c       0x18 common/libcommon.a(console.o)
                0x01e06f7c                getc

.text.ctrlc     0x01e06f94       0x4c
 .text.ctrlc    0x01e06f94       0x4c common/libcommon.a(console.o)
                0x01e06f94                ctrlc

.text.malloc_trim
                0x01e06fe0      0x114
 .text.malloc_trim
                0x01e06fe0      0x114 common/libcommon.a(dlmalloc.o)
                0x01e06fe0                malloc_trim

.text.free      0x01e070f4      0x230
 .text.free     0x01e070f4      0x230 common/libcommon.a(dlmalloc.o)
                0x01e070f4                free

.text.malloc    0x01e07324      0x634
 .text.malloc   0x01e07324      0x634 common/libcommon.a(dlmalloc.o)
                0x01e07324                malloc

.text.calloc    0x01e07958       0xe0
 .text.calloc   0x01e07958       0xe0 common/libcommon.a(dlmalloc.o)
                0x01e07958                calloc

.text.mem_malloc_init
                0x01e07a38       0x2c
 .text.mem_malloc_init
                0x01e07a38       0x2c common/libcommon.a(dlmalloc.o)
                0x01e07a38                mem_malloc_init

.text.env_get_addr
                0x01e07a64       0x24
 .text.env_get_addr
                0x01e07a64       0x24 common/libcommon.a(env_common.o)
                0x01e07a64                env_get_addr

.text.env_get_char
                0x01e07a88       0x48
 .text.env_get_char
                0x01e07a88       0x48 common/libcommon.a(env_common.o)
                0x01e07a88                env_get_char

.text.env_crc_update
                0x01e07ad0       0x2c
 .text.env_crc_update
                0x01e07ad0       0x2c common/libcommon.a(env_common.o)
                0x01e07ad0                env_crc_update

.text.set_default_env
                0x01e07afc       0x44
 .text.set_default_env
                0x01e07afc       0x44 common/libcommon.a(env_common.o)
                0x01e07afc                set_default_env

.text.env_relocate
                0x01e07b40       0x50
 .text.env_relocate
                0x01e07b40       0x50 common/libcommon.a(env_common.o)
                0x01e07b40                env_relocate

.text.env_relocate_spec
                0x01e07b90        0x4
 .text.env_relocate_spec
                0x01e07b90        0x4 common/libcommon.a(env_nowhere.o)
                0x01e07b90                env_relocate_spec

.text.env_get_char_spec
                0x01e07b94        0xc
 .text.env_get_char_spec
                0x01e07b94        0xc common/libcommon.a(env_nowhere.o)
                0x01e07b94                env_get_char_spec

.text.env_init  0x01e07ba0       0x1c
 .text.env_init
                0x01e07ba0       0x1c common/libcommon.a(env_nowhere.o)
                0x01e07ba0                env_init

.text.dummy     0x01e07bbc        0x4
 .text.dummy    0x01e07bbc        0x4 common/libcommon.a(exports.o)

.text.get_version
                0x01e07bc0        0x8
 .text.get_version
                0x01e07bc0        0x8 common/libcommon.a(exports.o)
                0x01e07bc0                get_version

.text.jumptable_init
                0x01e07bc8      0x204
 .text.jumptable_init
                0x01e07bc8      0x204 common/libcommon.a(exports.o)
                0x01e07bc8                jumptable_init

.text.parse_line
                0x01e07dcc       0x8c
 .text.parse_line
                0x01e07dcc       0x8c common/libcommon.a(main.o)
                0x01e07dcc                parse_line

.text.run_command
                0x01e07e58      0x398
 .text.run_command
                0x01e07e58      0x398 common/libcommon.a(main.o)
                0x01e07e58                run_command

.text.delete_char
                0x01e081f0       0xdc
 .text.delete_char
                0x01e081f0       0xdc common/libcommon.a(main.o)

.text.readline_into_buffer
                0x01e082cc      0x1e4
 .text.readline_into_buffer
                0x01e082cc      0x1e4 common/libcommon.a(main.o)
                0x01e082cc                readline_into_buffer

.text.readline  0x01e084b0       0x18
 .text.readline
                0x01e084b0       0x18 common/libcommon.a(main.o)
                0x01e084b0                readline

.text.main_loop
                0x01e084c8       0xcc
 .text.main_loop
                0x01e084c8       0xcc common/libcommon.a(main.o)
                0x01e084c8                main_loop

.text.stdio_clone
                0x01e08594       0x48
 .text.stdio_clone
                0x01e08594       0x48 common/libcommon.a(stdio.o)
                0x01e08594                stdio_clone

.text.stdio_register
                0x01e085dc       0x40
 .text.stdio_register
                0x01e085dc       0x40 common/libcommon.a(stdio.o)
                0x01e085dc                stdio_register

.text.stdio_init
                0x01e0861c       0x90
 .text.stdio_init
                0x01e0861c       0x90 common/libcommon.a(stdio.o)
                0x01e0861c                stdio_init

.text.stdio_get_by_name
                0x01e086ac       0x4c
 .text.stdio_get_by_name
                0x01e086ac       0x4c common/libcommon.a(stdio.o)
                0x01e086ac                stdio_get_by_name

.text.system_init
                0x01e086f8       0x10
 .text.system_init
                0x01e086f8       0x10 ../../../mediatek/platform/mt6575/uboot/libmt6575.a(mt6575.o)
                0x01e086f8                system_init

.text.dram_init
                0x01e08708      0x12c
 .text.dram_init
                0x01e08708      0x12c ../../../mediatek/platform/mt6575/uboot/libmt6575.a(mt6575.o)
                0x01e08708                dram_init

.text.get_bank_nr
                0x01e08834       0x10
 .text.get_bank_nr
                0x01e08834       0x10 ../../../mediatek/platform/mt6575/uboot/libmt6575.a(mt6575.o)
                0x01e08834                get_bank_nr

.text.memory_size
                0x01e08844       0x40
 .text.memory_size
                0x01e08844       0x40 ../../../mediatek/platform/mt6575/uboot/libmt6575.a(mt6575.o)
                0x01e08844                memory_size

.text.mt65xx_sw_env
                0x01e08884       0x1c
 .text.mt65xx_sw_env
                0x01e08884       0x1c ../../../mediatek/platform/mt6575/uboot/libmt6575.a(mt6575.o)
                0x01e08884                mt65xx_sw_env

.text.get_board_rev
                0x01e088a0        0xc
 .text.get_board_rev
                0x01e088a0        0xc ../../../mediatek/platform/mt6575/uboot/libmt6575.a(mt6575_board.o)
                0x01e088a0                get_board_rev

.text.misc_init_r
                0x01e088ac      0x10c
 .text.misc_init_r
                0x01e088ac      0x10c ../../../mediatek/platform/mt6575/uboot/libmt6575.a(mt6575_board.o)
                0x01e088ac                misc_init_r

.text.board_init
                0x01e089b8       0xc8
 .text.board_init
                0x01e089b8       0xc8 ../../../mediatek/platform/mt6575/uboot/libmt6575.a(mt6575_board.o)
                0x01e089b8                board_init

.text.isink5_init
                0x01e08a80       0x3c
 .text.isink5_init
                0x01e08a80       0x3c ../../../mediatek/platform/mt6575/uboot/libmt6575.a(mt65xx_leds.o)
                0x01e08a80                isink5_init

.text.isink4_init
                0x01e08abc       0x3c
 .text.isink4_init
                0x01e08abc       0x3c ../../../mediatek/platform/mt6575/uboot/libmt6575.a(mt65xx_leds.o)
                0x01e08abc                isink4_init

.text.isink3_init
                0x01e08af8       0x3c
 .text.isink3_init
                0x01e08af8       0x3c ../../../mediatek/platform/mt6575/uboot/libmt6575.a(mt65xx_leds.o)
                0x01e08af8                isink3_init

.text.isink2_init
                0x01e08b34       0x3c
 .text.isink2_init
                0x01e08b34       0x3c ../../../mediatek/platform/mt6575/uboot/libmt6575.a(mt65xx_leds.o)
                0x01e08b34                isink2_init

.text.isink1_init
                0x01e08b70       0x3c
 .text.isink1_init
                0x01e08b70       0x3c ../../../mediatek/platform/mt6575/uboot/libmt6575.a(mt65xx_leds.o)
                0x01e08b70                isink1_init

.text.isink0_init
                0x01e08bac       0x3c
 .text.isink0_init
                0x01e08bac       0x3c ../../../mediatek/platform/mt6575/uboot/libmt6575.a(mt65xx_leds.o)
                0x01e08bac                isink0_init

.text.mt65xx_leds_brightness_set
                0x01e08be8      0x470
 .text.mt65xx_leds_brightness_set
                0x01e08be8      0x470 ../../../mediatek/platform/mt6575/uboot/libmt6575.a(mt65xx_leds.o)
                0x01e08be8                mt65xx_leds_brightness_set

.text.mt65xx_backlight_off
                0x01e09058       0x20
 .text.mt65xx_backlight_off
                0x01e09058       0x20 ../../../mediatek/platform/mt6575/uboot/libmt6575.a(mt65xx_leds.o)
                0x01e09058                mt65xx_backlight_off

.text.leds_init
                0x01e09078       0x18
 .text.leds_init
                0x01e09078       0x18 ../../../mediatek/platform/mt6575/uboot/libmt6575.a(mt65xx_leds.o)
                0x01e09078                leds_init

.text.mt65xx_backlight_on
                0x01e09090       0x38
 .text.mt65xx_backlight_on
                0x01e09090       0x38 ../../../mediatek/platform/mt6575/uboot/libmt6575.a(mt65xx_leds.o)
                0x01e09090                mt65xx_backlight_on

.text.leds_deinit
                0x01e090c8       0x38
 .text.leds_deinit
                0x01e090c8       0x38 ../../../mediatek/platform/mt6575/uboot/libmt6575.a(mt65xx_leds.o)
                0x01e090c8                leds_deinit

.text.leds_battery_medium_charging
                0x01e09100        0xc
 .text.leds_battery_medium_charging
                0x01e09100        0xc ../../../mediatek/platform/mt6575/uboot/libmt6575.a(mt65xx_leds.o)
                0x01e09100                leds_battery_medium_charging

.text.leds_battery_full_charging
                0x01e0910c        0xc
 .text.leds_battery_full_charging
                0x01e0910c        0xc ../../../mediatek/platform/mt6575/uboot/libmt6575.a(mt65xx_leds.o)
                0x01e0910c                leds_battery_full_charging

.text.meta_mode_check
                0x01e09118       0x2c
 .text.meta_mode_check
                0x01e09118       0x2c ../../../mediatek/platform/mt6575/uboot/libmt6575.a(boot_mode.o)
                0x01e09118                meta_mode_check

.text.get_chip_eco_ver
                0x01e09144        0xc
 .text.get_chip_eco_ver
                0x01e09144        0xc ../../../mediatek/platform/mt6575/uboot/libmt6575.a(boot_mode.o)
                0x01e09144                get_chip_eco_ver

.text.boot_mode_select
                0x01e09150       0x4c
 .text.boot_mode_select
                0x01e09150       0x4c ../../../mediatek/platform/mt6575/uboot/libmt6575.a(boot_mode.o)
                0x01e09150                boot_mode_select

.text.mboot_recovery_load_raw_part
                0x01e0919c       0xa4
 .text.mboot_recovery_load_raw_part
                0x01e0919c       0xa4 ../../../mediatek/platform/mt6575/uboot/libmt6575.a(load_image.o)
                0x01e0919c                mboot_recovery_load_raw_part

.text.mboot_recovery_load_misc
                0x01e09240       0x40
 .text.mboot_recovery_load_misc
                0x01e09240       0x40 ../../../mediatek/platform/mt6575/uboot/libmt6575.a(load_image.o)
                0x01e09240                mboot_recovery_load_misc

.text.mboot_android_load_factoryimg_hdr
                0x01e09280      0x154
 .text.mboot_android_load_factoryimg_hdr
                0x01e09280      0x154 ../../../mediatek/platform/mt6575/uboot/libmt6575.a(load_image.o)
                0x01e09280                mboot_android_load_factoryimg_hdr

.text.mboot_android_load_recoveryimg_hdr
                0x01e093d4      0x1e8
 .text.mboot_android_load_recoveryimg_hdr
                0x01e093d4      0x1e8 ../../../mediatek/platform/mt6575/uboot/libmt6575.a(load_image.o)
                0x01e093d4                mboot_android_load_recoveryimg_hdr

.text.mboot_android_load_bootimg_hdr
                0x01e095bc      0x224
 .text.mboot_android_load_bootimg_hdr
                0x01e095bc      0x224 ../../../mediatek/platform/mt6575/uboot/libmt6575.a(load_image.o)
                0x01e095bc                mboot_android_load_bootimg_hdr

.text.mboot_android_check_img_info
                0x01e097e0       0xd8
 .text.mboot_android_check_img_info
                0x01e097e0       0xd8 ../../../mediatek/platform/mt6575/uboot/libmt6575.a(load_image.o)
                0x01e097e0                mboot_android_check_img_info

.text.mboot_android_load_factoryimg
                0x01e098b8       0x58
 .text.mboot_android_load_factoryimg
                0x01e098b8       0x58 ../../../mediatek/platform/mt6575/uboot/libmt6575.a(load_image.o)
                0x01e098b8                mboot_android_load_factoryimg

.text.mboot_android_load_recoveryimg
                0x01e09910      0x104
 .text.mboot_android_load_recoveryimg
                0x01e09910      0x104 ../../../mediatek/platform/mt6575/uboot/libmt6575.a(load_image.o)
                0x01e09910                mboot_android_load_recoveryimg

.text.mboot_android_load_bootimg
                0x01e09a14      0x104
 .text.mboot_android_load_bootimg
                0x01e09a14      0x104 ../../../mediatek/platform/mt6575/uboot/libmt6575.a(load_image.o)
                0x01e09a14                mboot_android_load_bootimg

.text.mboot_common_load_part
                0x01e09b18      0x1bc
 .text.mboot_common_load_part
                0x01e09b18      0x1bc ../../../mediatek/platform/mt6575/uboot/libmt6575.a(load_image.o)
                0x01e09b18                mboot_common_load_part

.text.mboot_common_load_logo
                0x01e09cd4       0x10
 .text.mboot_common_load_logo
                0x01e09cd4       0x10 ../../../mediatek/platform/mt6575/uboot/libmt6575.a(load_image.o)
                0x01e09cd4                mboot_common_load_logo

.text.serial_getc
                0x01e09ce4       0x28
 .text.serial_getc
                0x01e09ce4       0x28 ../../../mediatek/platform/mt6575/uboot/libmt6575.a(mtk_serial.o)
                0x01e09ce4                serial_getc

.text.serial_putc
                0x01e09d0c       0x40
 .text.serial_putc
                0x01e09d0c       0x40 ../../../mediatek/platform/mt6575/uboot/libmt6575.a(mtk_serial.o)
                0x01e09d0c                serial_putc

.text.serial_puts
                0x01e09d4c       0x54
 .text.serial_puts
                0x01e09d4c       0x54 ../../../mediatek/platform/mt6575/uboot/libmt6575.a(mtk_serial.o)
                0x01e09d4c                serial_puts

.text.serial_tstc
                0x01e09da0       0x18
 .text.serial_tstc
                0x01e09da0       0x18 ../../../mediatek/platform/mt6575/uboot/libmt6575.a(mtk_serial.o)
                0x01e09da0                serial_tstc

.text.serial_init
                0x01e09db8        0x8
 .text.serial_init
                0x01e09db8        0x8 ../../../mediatek/platform/mt6575/uboot/libmt6575.a(mtk_serial.o)
                0x01e09db8                serial_init

.text.custom_port_in_kernel
                0x01e09dc0       0xb4
 .text.custom_port_in_kernel
                0x01e09dc0       0xb4 ../../../mediatek/platform/mt6575/uboot/libmt6575.a(mtk_serial.o)
                0x01e09dc0                custom_port_in_kernel

.text.mtk_serial_set_current_uart
                0x01e09e74       0x4c
 .text.mtk_serial_set_current_uart
                0x01e09e74       0x4c ../../../mediatek/platform/mt6575/uboot/libmt6575.a(mtk_serial.o)
                0x01e09e74                mtk_serial_set_current_uart

.text.serial_setbrg
                0x01e09ec0      0x140
 .text.serial_setbrg
                0x01e09ec0      0x140 ../../../mediatek/platform/mt6575/uboot/libmt6575.a(mtk_serial.o)
                0x01e09ec0                serial_setbrg

.text.mtk_serial_init
                0x01e0a000       0xf8
 .text.mtk_serial_init
                0x01e0a000       0xf8 ../../../mediatek/platform/mt6575/uboot/libmt6575.a(mtk_serial.o)
                0x01e0a000                mtk_serial_init

.text.gpt4_get_current_tick
                0x01e0a0f8       0x4c
 .text.gpt4_get_current_tick
                0x01e0a0f8       0x4c ../../../mediatek/platform/mt6575/uboot/libmt6575.a(mtk_timer.o)
                0x01e0a0f8                gpt4_get_current_tick

.text.gpt4_tick2time_us
                0x01e0a144       0x14
 .text.gpt4_tick2time_us
                0x01e0a144       0x14 ../../../mediatek/platform/mt6575/uboot/libmt6575.a(mtk_timer.o)
                0x01e0a144                gpt4_tick2time_us

.text.gpt_busy_wait_us
                0x01e0a158       0xc8
 .text.gpt_busy_wait_us
                0x01e0a158       0xc8 ../../../mediatek/platform/mt6575/uboot/libmt6575.a(mtk_timer.o)
                0x01e0a158                gpt_busy_wait_us

.text.reset_timer_masked
                0x01e0a220       0x74
 .text.reset_timer_masked
                0x01e0a220       0x74 ../../../mediatek/platform/mt6575/uboot/libmt6575.a(mtk_timer.o)
                0x01e0a220                reset_timer_masked

.text.get_timer_masked
                0x01e0a294       0xb8
 .text.get_timer_masked
                0x01e0a294       0xb8 ../../../mediatek/platform/mt6575/uboot/libmt6575.a(mtk_timer.o)
                0x01e0a294                get_timer_masked

.text.reset_timer
                0x01e0a34c        0x4
 .text.reset_timer
                0x01e0a34c        0x4 ../../../mediatek/platform/mt6575/uboot/libmt6575.a(mtk_timer.o)
                0x01e0a34c                reset_timer

.text.get_timer
                0x01e0a350       0x20
 .text.get_timer
                0x01e0a350       0x20 ../../../mediatek/platform/mt6575/uboot/libmt6575.a(mtk_timer.o)
                0x01e0a350                get_timer

.text.mdelay    0x01e0a370       0x28
 .text.mdelay   0x01e0a370       0x28 ../../../mediatek/platform/mt6575/uboot/libmt6575.a(mtk_timer.o)
                0x01e0a370                mdelay

.text.udelay    0x01e0a398       0x5c
 .text.udelay   0x01e0a398       0x5c ../../../mediatek/platform/mt6575/uboot/libmt6575.a(mtk_timer.o)
                0x01e0a398                udelay

.text.get_ticks
                0x01e0a3f4       0x14
 .text.get_ticks
                0x01e0a3f4       0x14 ../../../mediatek/platform/mt6575/uboot/libmt6575.a(mtk_timer.o)
                0x01e0a3f4                get_ticks

.text.gpt_one_shot_irq
                0x01e0a408       0x44
 .text.gpt_one_shot_irq
                0x01e0a408       0x44 ../../../mediatek/platform/mt6575/uboot/libmt6575.a(mtk_timer.o)
                0x01e0a408                gpt_one_shot_irq

.text.gpt_irq_ack
                0x01e0a44c       0x14
 .text.gpt_irq_ack
                0x01e0a44c       0x14 ../../../mediatek/platform/mt6575/uboot/libmt6575.a(mtk_timer.o)
                0x01e0a44c                gpt_irq_ack

.text.gpt_irq_init
                0x01e0a460       0x3c
 .text.gpt_irq_init
                0x01e0a460       0x3c ../../../mediatek/platform/mt6575/uboot/libmt6575.a(mtk_timer.o)
                0x01e0a460                gpt_irq_init

.text.ECC_Config
                0x01e0a49c       0xd0
 .text.ECC_Config
                0x01e0a49c       0xd0 ../../../mediatek/platform/mt6575/uboot/libmt6575.a(mt6575_nand.o)

.text.mt6575_nand_write_buf
                0x01e0a56c       0x6c
 .text.mt6575_nand_write_buf
                0x01e0a56c       0x6c ../../../mediatek/platform/mt6575/uboot/libmt6575.a(mt6575_nand.o)

.text.mt6575_nand_verify_buf
                0x01e0a5d8        0x8
 .text.mt6575_nand_verify_buf
                0x01e0a5d8        0x8 ../../../mediatek/platform/mt6575/uboot/libmt6575.a(mt6575_nand.o)

.text.mt6575_nand_dev_ready
                0x01e0a5e0       0x18
 .text.mt6575_nand_dev_ready
                0x01e0a5e0       0x18 ../../../mediatek/platform/mt6575/uboot/libmt6575.a(mt6575_nand.o)

.text.mt6575_nand_correct_data
                0x01e0a5f8       0x10
 .text.mt6575_nand_correct_data
                0x01e0a5f8       0x10 ../../../mediatek/platform/mt6575/uboot/libmt6575.a(mt6575_nand.o)

.text.mt6575_nand_hwctl
                0x01e0a608        0x4
 .text.mt6575_nand_hwctl
                0x01e0a608        0x4 ../../../mediatek/platform/mt6575/uboot/libmt6575.a(mt6575_nand.o)

.text.mt6575_nand_reset
                0x01e0a60c      0x110
 .text.mt6575_nand_reset
                0x01e0a60c      0x110 ../../../mediatek/platform/mt6575/uboot/libmt6575.a(mt6575_nand.o)

.text.mt6575_nand_ready_for_read
                0x01e0a71c      0x1e0
 .text.mt6575_nand_ready_for_read
                0x01e0a71c      0x1e0 ../../../mediatek/platform/mt6575/uboot/libmt6575.a(mt6575_nand.o)

.text.mt6575_nand_read_byte
                0x01e0a8fc       0x58
 .text.mt6575_nand_read_byte
                0x01e0a8fc       0x58 ../../../mediatek/platform/mt6575/uboot/libmt6575.a(mt6575_nand.o)

.text.dump_nfi  0x01e0a954      0x150
 .text.dump_nfi
                0x01e0a954      0x150 ../../../mediatek/platform/mt6575/uboot/libmt6575.a(mt6575_nand.o)
                0x01e0a954                dump_nfi

.text.mt6575_nand_exec_read_page_hw
                0x01e0aaa4      0x248
 .text.mt6575_nand_exec_read_page_hw
                0x01e0aaa4      0x248 ../../../mediatek/platform/mt6575/uboot/libmt6575.a(mt6575_nand.o)
                0x01e0aaa4                mt6575_nand_exec_read_page_hw

.text.mt6575_nand_select_chip
                0x01e0acec      0x1d8
 .text.mt6575_nand_select_chip
                0x01e0acec      0x1d8 ../../../mediatek/platform/mt6575/uboot/libmt6575.a(mt6575_nand.o)

.text.board_nand_select_device
                0x01e0aec4       0xb4
 .text.board_nand_select_device
                0x01e0aec4       0xb4 ../../../mediatek/platform/mt6575/uboot/libmt6575.a(mt6575_nand.o)
                0x01e0aec4                board_nand_select_device

.text.mt6575_nand_command_bp
                0x01e0af78      0x5f4
 .text.mt6575_nand_command_bp
                0x01e0af78      0x5f4 ../../../mediatek/platform/mt6575/uboot/libmt6575.a(mt6575_nand.o)

.text.mt6575_nand_calculate_ecc
                0x01e0b56c       0x1c
 .text.mt6575_nand_calculate_ecc
                0x01e0b56c       0x1c ../../../mediatek/platform/mt6575/uboot/libmt6575.a(mt6575_nand.o)

.text.nand_block_bad_hw
                0x01e0b588      0x11c
 .text.nand_block_bad_hw
                0x01e0b588      0x11c ../../../mediatek/platform/mt6575/uboot/libmt6575.a(mt6575_nand.o)
                0x01e0b588                nand_block_bad_hw

.text.get_device_info
                0x01e0b6a4      0x114
 .text.get_device_info
                0x01e0b6a4      0x114 ../../../mediatek/platform/mt6575/uboot/libmt6575.a(mt6575_nand.o)
                0x01e0b6a4                get_device_info

.text.board_nand_init
                0x01e0b7b8      0x2cc
 .text.board_nand_init
                0x01e0b7b8      0x2cc ../../../mediatek/platform/mt6575/uboot/libmt6575.a(mt6575_nand.o)
                0x01e0b7b8                board_nand_init

.text.mt6575_nand_exec_read_page.clone.0
                0x01e0ba84       0xc8
 .text.mt6575_nand_exec_read_page.clone.0
                0x01e0ba84       0xc8 ../../../mediatek/platform/mt6575/uboot/libmt6575.a(mt6575_nand.o)

.text.mt6575_nand_read_buf
                0x01e0bb4c      0x110
 .text.mt6575_nand_read_buf
                0x01e0bb4c      0x110 ../../../mediatek/platform/mt6575/uboot/libmt6575.a(mt6575_nand.o)

.text.mt6575_nand_part_read
                0x01e0bc5c      0x1dc
 .text.mt6575_nand_part_read
                0x01e0bc5c      0x1dc ../../../mediatek/platform/mt6575/uboot/libmt6575.a(mt6575_nand.o)

.text.meta_detection
                0x01e0be38       0x94
 .text.meta_detection
                0x01e0be38       0x94 ../../../mediatek/platform/mt6575/uboot/libmt6575.a(mt6575_meta.o)
                0x01e0be38                meta_detection

.text.recovery_check_command_trigger
                0x01e0becc       0x6c
 .text.recovery_check_command_trigger
                0x01e0becc       0x6c ../../../mediatek/platform/mt6575/uboot/libmt6575.a(mt6575_recovery.o)
                0x01e0becc                recovery_check_command_trigger

.text.recovery_check_key_trigger
                0x01e0bf38       0x98
 .text.recovery_check_key_trigger
                0x01e0bf38       0x98 ../../../mediatek/platform/mt6575/uboot/libmt6575.a(mt6575_recovery.o)
                0x01e0bf38                recovery_check_key_trigger

.text.recovery_detection
                0x01e0bfd0       0x60
 .text.recovery_detection
                0x01e0bfd0       0x60 ../../../mediatek/platform/mt6575/uboot/libmt6575.a(mt6575_recovery.o)
                0x01e0bfd0                recovery_detection

.text.mtk_wdt_boot_check
                0x01e0c030       0x58
 .text.mtk_wdt_boot_check
                0x01e0c030       0x58 ../../../mediatek/platform/mt6575/uboot/libmt6575.a(mtk_wdt.o)
                0x01e0c030                mtk_wdt_boot_check

.text.mtk_wdt_init
                0x01e0c088       0x58
 .text.mtk_wdt_init
                0x01e0c088       0x58 ../../../mediatek/platform/mt6575/uboot/libmt6575.a(mtk_wdt.o)
                0x01e0c088                mtk_wdt_init

.text.mtk_arch_reset
                0x01e0c0e0       0x48
 .text.mtk_arch_reset
                0x01e0c0e0       0x48 ../../../mediatek/platform/mt6575/uboot/libmt6575.a(mtk_wdt.o)
                0x01e0c0e0                mtk_arch_reset

.text.mt_set_gpio_dir
                0x01e0c128       0x70
 .text.mt_set_gpio_dir
                0x01e0c128       0x70 ../../../mediatek/platform/mt6575/uboot/libmt6575.a(mt6575_gpio.o)
                0x01e0c128                mt_set_gpio_dir

.text.mt_set_gpio_pull_enable
                0x01e0c198       0x68
 .text.mt_set_gpio_pull_enable
                0x01e0c198       0x68 ../../../mediatek/platform/mt6575/uboot/libmt6575.a(mt6575_gpio.o)
                0x01e0c198                mt_set_gpio_pull_enable

.text.mt_set_gpio_out
                0x01e0c200       0x58
 .text.mt_set_gpio_out
                0x01e0c200       0x58 ../../../mediatek/platform/mt6575/uboot/libmt6575.a(mt6575_gpio.o)
                0x01e0c200                mt_set_gpio_out

.text.mt_get_gpio_in
                0x01e0c258       0x3c
 .text.mt_get_gpio_in
                0x01e0c258       0x3c ../../../mediatek/platform/mt6575/uboot/libmt6575.a(mt6575_gpio.o)
                0x01e0c258                mt_get_gpio_in

.text.mt_set_gpio_mode
                0x01e0c294       0x70
 .text.mt_set_gpio_mode
                0x01e0c294       0x70 ../../../mediatek/platform/mt6575/uboot/libmt6575.a(mt6575_gpio.o)
                0x01e0c294                mt_set_gpio_mode

.text.mt_gpio_set_default
                0x01e0c304      0x114
 .text.mt_gpio_set_default
                0x01e0c304      0x114 ../../../mediatek/platform/mt6575/uboot/libmt6575.a(mt6575_gpio_init.o)
                0x01e0c304                mt_gpio_set_default

.text.mt_power_on
                0x01e0c418       0x84
 .text.mt_power_on
                0x01e0c418       0x84 ../../../mediatek/platform/mt6575/uboot/libmt6575.a(mt6575_pwm.o)
                0x01e0c418                mt_power_on

.text.mt_power_off
                0x01e0c49c       0x80
 .text.mt_power_off
                0x01e0c49c       0x80 ../../../mediatek/platform/mt6575/uboot/libmt6575.a(mt6575_pwm.o)
                0x01e0c49c                mt_power_off

.text.mt_set_pwm_clk
                0x01e0c51c       0x60
 .text.mt_set_pwm_clk
                0x01e0c51c       0x60 ../../../mediatek/platform/mt6575/uboot/libmt6575.a(mt6575_pwm.o)
                0x01e0c51c                mt_set_pwm_clk

.text.mt_set_pwm_con_stpbit
                0x01e0c57c       0x6c
 .text.mt_set_pwm_con_stpbit
                0x01e0c57c       0x6c ../../../mediatek/platform/mt6575/uboot/libmt6575.a(mt6575_pwm.o)
                0x01e0c57c                mt_set_pwm_con_stpbit

.text.mt_set_pwm_disable
                0x01e0c5e8       0x3c
 .text.mt_set_pwm_disable
                0x01e0c5e8       0x3c ../../../mediatek/platform/mt6575/uboot/libmt6575.a(mt6575_pwm.o)
                0x01e0c5e8                mt_set_pwm_disable

.text.pwm_set_spec_config
                0x01e0c624      0x828
 .text.pwm_set_spec_config
                0x01e0c624      0x828 ../../../mediatek/platform/mt6575/uboot/libmt6575.a(mt6575_pwm.o)
                0x01e0c624                pwm_set_spec_config

.text.pwm_set_easy_config
                0x01e0ce4c      0x3d8
 .text.pwm_set_easy_config
                0x01e0ce4c      0x3d8 ../../../mediatek/platform/mt6575/uboot/libmt6575.a(mt6575_pwm.o)
                0x01e0ce4c                pwm_set_easy_config

.text.pmic6329_i2c_write
                0x01e0d224       0x6c
 .text.pmic6329_i2c_write
                0x01e0d224       0x6c ../../../mediatek/platform/mt6575/uboot/libmt6575.a(mt6575_pmic6329.o)
                0x01e0d224                pmic6329_i2c_write

.text.pmic6329_i2c_read
                0x01e0d290       0x34
 .text.pmic6329_i2c_read
                0x01e0d290       0x34 ../../../mediatek/platform/mt6575/uboot/libmt6575.a(mt6575_pmic6329.o)
                0x01e0d290                pmic6329_i2c_read

.text.pmic_bank1_config_interface
                0x01e0d2c4       0x70
 .text.pmic_bank1_config_interface
                0x01e0d2c4       0x70 ../../../mediatek/platform/mt6575/uboot/libmt6575.a(mt6575_pmic6329.o)
                0x01e0d2c4                pmic_bank1_config_interface

.text.upmu_boost_vrsel
                0x01e0d334       0x14
 .text.upmu_boost_vrsel
                0x01e0d334       0x14 ../../../mediatek/platform/mt6575/uboot/libmt6575.a(mt6575_pmic6329.o)
                0x01e0d334                upmu_boost_vrsel

.text.upmu_boost_en
                0x01e0d348       0x14
 .text.upmu_boost_en
                0x01e0d348       0x14 ../../../mediatek/platform/mt6575/uboot/libmt6575.a(mt6575_pmic6329.o)
                0x01e0d348                upmu_boost_en

.text.upmu_boost_cabc_en
                0x01e0d35c       0x14
 .text.upmu_boost_cabc_en
                0x01e0d35c       0x14 ../../../mediatek/platform/mt6575/uboot/libmt6575.a(mt6575_pmic6329.o)
                0x01e0d35c                upmu_boost_cabc_en

.text.upmu_boost_mode
                0x01e0d370       0x14
 .text.upmu_boost_mode
                0x01e0d370       0x14 ../../../mediatek/platform/mt6575/uboot/libmt6575.a(mt6575_pmic6329.o)
                0x01e0d370                upmu_boost_mode

.text.upmu_boost_isink_hw_sel
                0x01e0d384       0x14
 .text.upmu_boost_isink_hw_sel
                0x01e0d384       0x14 ../../../mediatek/platform/mt6575/uboot/libmt6575.a(mt6575_pmic6329.o)
                0x01e0d384                upmu_boost_isink_hw_sel

.text.upmu_isinks_ch5_mode
                0x01e0d398       0x14
 .text.upmu_isinks_ch5_mode
                0x01e0d398       0x14 ../../../mediatek/platform/mt6575/uboot/libmt6575.a(mt6575_pmic6329.o)
                0x01e0d398                upmu_isinks_ch5_mode

.text.upmu_isinks_ch5_step
                0x01e0d3ac       0x14
 .text.upmu_isinks_ch5_step
                0x01e0d3ac       0x14 ../../../mediatek/platform/mt6575/uboot/libmt6575.a(mt6575_pmic6329.o)
                0x01e0d3ac                upmu_isinks_ch5_step

.text.upmu_isinks_ch4_mode
                0x01e0d3c0       0x14
 .text.upmu_isinks_ch4_mode
                0x01e0d3c0       0x14 ../../../mediatek/platform/mt6575/uboot/libmt6575.a(mt6575_pmic6329.o)
                0x01e0d3c0                upmu_isinks_ch4_mode

.text.upmu_isinks_ch4_step
                0x01e0d3d4       0x14
 .text.upmu_isinks_ch4_step
                0x01e0d3d4       0x14 ../../../mediatek/platform/mt6575/uboot/libmt6575.a(mt6575_pmic6329.o)
                0x01e0d3d4                upmu_isinks_ch4_step

.text.upmu_isinks_ch3_mode
                0x01e0d3e8       0x14
 .text.upmu_isinks_ch3_mode
                0x01e0d3e8       0x14 ../../../mediatek/platform/mt6575/uboot/libmt6575.a(mt6575_pmic6329.o)
                0x01e0d3e8                upmu_isinks_ch3_mode

.text.upmu_isinks_ch3_step
                0x01e0d3fc       0x14
 .text.upmu_isinks_ch3_step
                0x01e0d3fc       0x14 ../../../mediatek/platform/mt6575/uboot/libmt6575.a(mt6575_pmic6329.o)
                0x01e0d3fc                upmu_isinks_ch3_step

.text.upmu_isinks_ch2_mode
                0x01e0d410       0x14
 .text.upmu_isinks_ch2_mode
                0x01e0d410       0x14 ../../../mediatek/platform/mt6575/uboot/libmt6575.a(mt6575_pmic6329.o)
                0x01e0d410                upmu_isinks_ch2_mode

.text.upmu_isinks_ch2_step
                0x01e0d424       0x14
 .text.upmu_isinks_ch2_step
                0x01e0d424       0x14 ../../../mediatek/platform/mt6575/uboot/libmt6575.a(mt6575_pmic6329.o)
                0x01e0d424                upmu_isinks_ch2_step

.text.upmu_isinks_ch1_mode
                0x01e0d438       0x14
 .text.upmu_isinks_ch1_mode
                0x01e0d438       0x14 ../../../mediatek/platform/mt6575/uboot/libmt6575.a(mt6575_pmic6329.o)
                0x01e0d438                upmu_isinks_ch1_mode

.text.upmu_isinks_ch1_step
                0x01e0d44c       0x14
 .text.upmu_isinks_ch1_step
                0x01e0d44c       0x14 ../../../mediatek/platform/mt6575/uboot/libmt6575.a(mt6575_pmic6329.o)
                0x01e0d44c                upmu_isinks_ch1_step

.text.upmu_isinks_ch0_mode
                0x01e0d460       0x14
 .text.upmu_isinks_ch0_mode
                0x01e0d460       0x14 ../../../mediatek/platform/mt6575/uboot/libmt6575.a(mt6575_pmic6329.o)
                0x01e0d460                upmu_isinks_ch0_mode

.text.upmu_isinks_ch0_step
                0x01e0d474       0x14
 .text.upmu_isinks_ch0_step
                0x01e0d474       0x14 ../../../mediatek/platform/mt6575/uboot/libmt6575.a(mt6575_pmic6329.o)
                0x01e0d474                upmu_isinks_ch0_step

.text.upmu_isinks_ch0_cabc_en
                0x01e0d488       0x14
 .text.upmu_isinks_ch0_cabc_en
                0x01e0d488       0x14 ../../../mediatek/platform/mt6575/uboot/libmt6575.a(mt6575_pmic6329.o)
                0x01e0d488                upmu_isinks_ch0_cabc_en

.text.upmu_isinks_ch1_cabc_en
                0x01e0d49c       0x14
 .text.upmu_isinks_ch1_cabc_en
                0x01e0d49c       0x14 ../../../mediatek/platform/mt6575/uboot/libmt6575.a(mt6575_pmic6329.o)
                0x01e0d49c                upmu_isinks_ch1_cabc_en

.text.upmu_isinks_ch2_cabc_en
                0x01e0d4b0       0x14
 .text.upmu_isinks_ch2_cabc_en
                0x01e0d4b0       0x14 ../../../mediatek/platform/mt6575/uboot/libmt6575.a(mt6575_pmic6329.o)
                0x01e0d4b0                upmu_isinks_ch2_cabc_en

.text.upmu_isinks_ch3_cabc_en
                0x01e0d4c4       0x14
 .text.upmu_isinks_ch3_cabc_en
                0x01e0d4c4       0x14 ../../../mediatek/platform/mt6575/uboot/libmt6575.a(mt6575_pmic6329.o)
                0x01e0d4c4                upmu_isinks_ch3_cabc_en

.text.upmu_isinks_ch4_cabc_en
                0x01e0d4d8       0x14
 .text.upmu_isinks_ch4_cabc_en
                0x01e0d4d8       0x14 ../../../mediatek/platform/mt6575/uboot/libmt6575.a(mt6575_pmic6329.o)
                0x01e0d4d8                upmu_isinks_ch4_cabc_en

.text.upmu_isinks_ch5_cabc_en
                0x01e0d4ec       0x14
 .text.upmu_isinks_ch5_cabc_en
                0x01e0d4ec       0x14 ../../../mediatek/platform/mt6575/uboot/libmt6575.a(mt6575_pmic6329.o)
                0x01e0d4ec                upmu_isinks_ch5_cabc_en

.text.upmu_isinks_ch0_en
                0x01e0d500       0x14
 .text.upmu_isinks_ch0_en
                0x01e0d500       0x14 ../../../mediatek/platform/mt6575/uboot/libmt6575.a(mt6575_pmic6329.o)
                0x01e0d500                upmu_isinks_ch0_en

.text.upmu_isinks_ch1_en
                0x01e0d514       0x14
 .text.upmu_isinks_ch1_en
                0x01e0d514       0x14 ../../../mediatek/platform/mt6575/uboot/libmt6575.a(mt6575_pmic6329.o)
                0x01e0d514                upmu_isinks_ch1_en

.text.upmu_isinks_ch2_en
                0x01e0d528       0x14
 .text.upmu_isinks_ch2_en
                0x01e0d528       0x14 ../../../mediatek/platform/mt6575/uboot/libmt6575.a(mt6575_pmic6329.o)
                0x01e0d528                upmu_isinks_ch2_en

.text.upmu_isinks_ch3_en
                0x01e0d53c       0x14
 .text.upmu_isinks_ch3_en
                0x01e0d53c       0x14 ../../../mediatek/platform/mt6575/uboot/libmt6575.a(mt6575_pmic6329.o)
                0x01e0d53c                upmu_isinks_ch3_en

.text.upmu_isinks_ch4_en
                0x01e0d550       0x14
 .text.upmu_isinks_ch4_en
                0x01e0d550       0x14 ../../../mediatek/platform/mt6575/uboot/libmt6575.a(mt6575_pmic6329.o)
                0x01e0d550                upmu_isinks_ch4_en

.text.upmu_isinks_ch5_en
                0x01e0d564       0x14
 .text.upmu_isinks_ch5_en
                0x01e0d564       0x14 ../../../mediatek/platform/mt6575/uboot/libmt6575.a(mt6575_pmic6329.o)
                0x01e0d564                upmu_isinks_ch5_en

.text.upmu_isinks_dim2_fsel
                0x01e0d578       0x14
 .text.upmu_isinks_dim2_fsel
                0x01e0d578       0x14 ../../../mediatek/platform/mt6575/uboot/libmt6575.a(mt6575_pmic6329.o)
                0x01e0d578                upmu_isinks_dim2_fsel

.text.upmu_isinks_dim2_duty
                0x01e0d58c       0x14
 .text.upmu_isinks_dim2_duty
                0x01e0d58c       0x14 ../../../mediatek/platform/mt6575/uboot/libmt6575.a(mt6575_pmic6329.o)
                0x01e0d58c                upmu_isinks_dim2_duty

.text.upmu_isinks_dim1_fsel
                0x01e0d5a0       0x14
 .text.upmu_isinks_dim1_fsel
                0x01e0d5a0       0x14 ../../../mediatek/platform/mt6575/uboot/libmt6575.a(mt6575_pmic6329.o)
                0x01e0d5a0                upmu_isinks_dim1_fsel

.text.upmu_isinks_dim1_duty
                0x01e0d5b4       0x14
 .text.upmu_isinks_dim1_duty
                0x01e0d5b4       0x14 ../../../mediatek/platform/mt6575/uboot/libmt6575.a(mt6575_pmic6329.o)
                0x01e0d5b4                upmu_isinks_dim1_duty

.text.upmu_isinks_dim0_fsel
                0x01e0d5c8       0x14
 .text.upmu_isinks_dim0_fsel
                0x01e0d5c8       0x14 ../../../mediatek/platform/mt6575/uboot/libmt6575.a(mt6575_pmic6329.o)
                0x01e0d5c8                upmu_isinks_dim0_fsel

.text.upmu_isinks_dim0_duty
                0x01e0d5dc       0x14
 .text.upmu_isinks_dim0_duty
                0x01e0d5dc       0x14 ../../../mediatek/platform/mt6575/uboot/libmt6575.a(mt6575_pmic6329.o)
                0x01e0d5dc                upmu_isinks_dim0_duty

.text.upmu_top2_bst_drv_ck_pdn
                0x01e0d5f0       0x14
 .text.upmu_top2_bst_drv_ck_pdn
                0x01e0d5f0       0x14 ../../../mediatek/platform/mt6575/uboot/libmt6575.a(mt6575_pmic6329.o)
                0x01e0d5f0                upmu_top2_bst_drv_ck_pdn

.text.pmic_bank1_read_interface
                0x01e0d604       0x54
 .text.pmic_bank1_read_interface
                0x01e0d604       0x54 ../../../mediatek/platform/mt6575/uboot/libmt6575.a(mt6575_pmic6329.o)
                0x01e0d604                pmic_bank1_read_interface

.text.upmu_otpc_otp_pdo_63_56
                0x01e0d658       0x2c
 .text.upmu_otpc_otp_pdo_63_56
                0x01e0d658       0x2c ../../../mediatek/platform/mt6575/uboot/libmt6575.a(mt6575_pmic6329.o)
                0x01e0d658                upmu_otpc_otp_pdo_63_56

.text.upmu_otpc_otp_pdo_55_48
                0x01e0d684       0x2c
 .text.upmu_otpc_otp_pdo_55_48
                0x01e0d684       0x2c ../../../mediatek/platform/mt6575/uboot/libmt6575.a(mt6575_pmic6329.o)
                0x01e0d684                upmu_otpc_otp_pdo_55_48

.text.pmic_config_interface
                0x01e0d6b0       0x70
 .text.pmic_config_interface
                0x01e0d6b0       0x70 ../../../mediatek/platform/mt6575/uboot/libmt6575.a(mt6575_pmic6329.o)
                0x01e0d6b0                pmic_config_interface

.text.upmu_auxadc_buf_pwd_b
                0x01e0d720       0x14
 .text.upmu_auxadc_buf_pwd_b
                0x01e0d720       0x14 ../../../mediatek/platform/mt6575/uboot/libmt6575.a(mt6575_pmic6329.o)
                0x01e0d720                upmu_auxadc_buf_pwd_b

.text.upmu_auxadc_spl_num
                0x01e0d734       0x14
 .text.upmu_auxadc_spl_num
                0x01e0d734       0x14 ../../../mediatek/platform/mt6575/uboot/libmt6575.a(mt6575_pmic6329.o)
                0x01e0d734                upmu_auxadc_spl_num

.text.upmu_auxadc_start
                0x01e0d748       0x14
 .text.upmu_auxadc_start
                0x01e0d748       0x14 ../../../mediatek/platform/mt6575/uboot/libmt6575.a(mt6575_pmic6329.o)
                0x01e0d748                upmu_auxadc_start

.text.upmu_auxadc_ch_sel
                0x01e0d75c       0x14
 .text.upmu_auxadc_ch_sel
                0x01e0d75c       0x14 ../../../mediatek/platform/mt6575/uboot/libmt6575.a(mt6575_pmic6329.o)
                0x01e0d75c                upmu_auxadc_ch_sel

.text.upmu_chr_vcdt_mode
                0x01e0d770       0x14
 .text.upmu_chr_vcdt_mode
                0x01e0d770       0x14 ../../../mediatek/platform/mt6575/uboot/libmt6575.a(mt6575_pmic6329.o)
                0x01e0d770                upmu_chr_vcdt_mode

.text.upmu_chr_csdac_mode
                0x01e0d784       0x14
 .text.upmu_chr_csdac_mode
                0x01e0d784       0x14 ../../../mediatek/platform/mt6575/uboot/libmt6575.a(mt6575_pmic6329.o)
                0x01e0d784                upmu_chr_csdac_mode

.text.upmu_chr_baton_tdet_en
                0x01e0d798       0x14
 .text.upmu_chr_baton_tdet_en
                0x01e0d798       0x14 ../../../mediatek/platform/mt6575/uboot/libmt6575.a(mt6575_pmic6329.o)
                0x01e0d798                upmu_chr_baton_tdet_en

.text.upmu_chr_hw_cv_en
                0x01e0d7ac       0x14
 .text.upmu_chr_hw_cv_en
                0x01e0d7ac       0x14 ../../../mediatek/platform/mt6575/uboot/libmt6575.a(mt6575_pmic6329.o)
                0x01e0d7ac                upmu_chr_hw_cv_en

.text.upmu_chr_ulc_det_en
                0x01e0d7c0       0x14
 .text.upmu_chr_ulc_det_en
                0x01e0d7c0       0x14 ../../../mediatek/platform/mt6575/uboot/libmt6575.a(mt6575_pmic6329.o)
                0x01e0d7c0                upmu_chr_ulc_det_en

.text.upmu_chr_low_ich_db
                0x01e0d7d4       0x14
 .text.upmu_chr_low_ich_db
                0x01e0d7d4       0x14 ../../../mediatek/platform/mt6575/uboot/libmt6575.a(mt6575_pmic6329.o)
                0x01e0d7d4                upmu_chr_low_ich_db

.text.upmu_chr_chrind_on
                0x01e0d7e8       0x14
 .text.upmu_chr_chrind_on
                0x01e0d7e8       0x14 ../../../mediatek/platform/mt6575/uboot/libmt6575.a(mt6575_pmic6329.o)
                0x01e0d7e8                upmu_chr_chrind_on

.text.upmu_chr_csdac_dly
                0x01e0d7fc       0x14
 .text.upmu_chr_csdac_dly
                0x01e0d7fc       0x14 ../../../mediatek/platform/mt6575/uboot/libmt6575.a(mt6575_pmic6329.o)
                0x01e0d7fc                upmu_chr_csdac_dly

.text.upmu_chr_csdac_stp
                0x01e0d810       0x14
 .text.upmu_chr_csdac_stp
                0x01e0d810       0x14 ../../../mediatek/platform/mt6575/uboot/libmt6575.a(mt6575_pmic6329.o)
                0x01e0d810                upmu_chr_csdac_stp

.text.upmu_chr_csdac_stp_inc
                0x01e0d824       0x14
 .text.upmu_chr_csdac_stp_inc
                0x01e0d824       0x14 ../../../mediatek/platform/mt6575/uboot/libmt6575.a(mt6575_pmic6329.o)
                0x01e0d824                upmu_chr_csdac_stp_inc

.text.upmu_chr_csdac_stp_dec
                0x01e0d838       0x14
 .text.upmu_chr_csdac_stp_dec
                0x01e0d838       0x14 ../../../mediatek/platform/mt6575/uboot/libmt6575.a(mt6575_pmic6329.o)
                0x01e0d838                upmu_chr_csdac_stp_dec

.text.upmu_chr_bc11_rst
                0x01e0d84c       0x14
 .text.upmu_chr_bc11_rst
                0x01e0d84c       0x14 ../../../mediatek/platform/mt6575/uboot/libmt6575.a(mt6575_pmic6329.o)
                0x01e0d84c                upmu_chr_bc11_rst

.text.upmu_chr_adcin_vbat_en
                0x01e0d860       0x14
 .text.upmu_chr_adcin_vbat_en
                0x01e0d860       0x14 ../../../mediatek/platform/mt6575/uboot/libmt6575.a(mt6575_pmic6329.o)
                0x01e0d860                upmu_chr_adcin_vbat_en

.text.upmu_chr_adcin_vsen_en
                0x01e0d874       0x14
 .text.upmu_chr_adcin_vsen_en
                0x01e0d874       0x14 ../../../mediatek/platform/mt6575/uboot/libmt6575.a(mt6575_pmic6329.o)
                0x01e0d874                upmu_chr_adcin_vsen_en

.text.upmu_chr_adcin_vchr_en
                0x01e0d888       0x14
 .text.upmu_chr_adcin_vchr_en
                0x01e0d888       0x14 ../../../mediatek/platform/mt6575/uboot/libmt6575.a(mt6575_pmic6329.o)
                0x01e0d888                upmu_chr_adcin_vchr_en

.text.upmu_chr_chrwdt_int_en
                0x01e0d89c       0x14
 .text.upmu_chr_chrwdt_int_en
                0x01e0d89c       0x14 ../../../mediatek/platform/mt6575/uboot/libmt6575.a(mt6575_pmic6329.o)
                0x01e0d89c                upmu_chr_chrwdt_int_en

.text.upmu_chr_chrwdt_flag_wr
                0x01e0d8b0       0x14
 .text.upmu_chr_chrwdt_flag_wr
                0x01e0d8b0       0x14 ../../../mediatek/platform/mt6575/uboot/libmt6575.a(mt6575_pmic6329.o)
                0x01e0d8b0                upmu_chr_chrwdt_flag_wr

.text.upmu_chr_chrwdt_td
                0x01e0d8c4       0x14
 .text.upmu_chr_chrwdt_td
                0x01e0d8c4       0x14 ../../../mediatek/platform/mt6575/uboot/libmt6575.a(mt6575_pmic6329.o)
                0x01e0d8c4                upmu_chr_chrwdt_td

.text.upmu_chr_chrwdt_en
                0x01e0d8d8       0x14
 .text.upmu_chr_chrwdt_en
                0x01e0d8d8       0x14 ../../../mediatek/platform/mt6575/uboot/libmt6575.a(mt6575_pmic6329.o)
                0x01e0d8d8                upmu_chr_chrwdt_en

.text.upmu_chr_baton_en
                0x01e0d8ec       0x14
 .text.upmu_chr_baton_en
                0x01e0d8ec       0x14 ../../../mediatek/platform/mt6575/uboot/libmt6575.a(mt6575_pmic6329.o)
                0x01e0d8ec                upmu_chr_baton_en

.text.upmu_chr_baton_ht_en
                0x01e0d900       0x14
 .text.upmu_chr_baton_ht_en
                0x01e0d900       0x14 ../../../mediatek/platform/mt6575/uboot/libmt6575.a(mt6575_pmic6329.o)
                0x01e0d900                upmu_chr_baton_ht_en

.text.upmu_chr_vbat_ov_en
                0x01e0d914       0x14
 .text.upmu_chr_vbat_ov_en
                0x01e0d914       0x14 ../../../mediatek/platform/mt6575/uboot/libmt6575.a(mt6575_pmic6329.o)
                0x01e0d914                upmu_chr_vbat_ov_en

.text.upmu_chr_vbat_ov_vth
                0x01e0d928       0x14
 .text.upmu_chr_vbat_ov_vth
                0x01e0d928       0x14 ../../../mediatek/platform/mt6575/uboot/libmt6575.a(mt6575_pmic6329.o)
                0x01e0d928                upmu_chr_vbat_ov_vth

.text.upmu_chr_vbat_cs_vth
                0x01e0d93c       0x14
 .text.upmu_chr_vbat_cs_vth
                0x01e0d93c       0x14 ../../../mediatek/platform/mt6575/uboot/libmt6575.a(mt6575_pmic6329.o)
                0x01e0d93c                upmu_chr_vbat_cs_vth

.text.upmu_chr_vbat_cv_vth
                0x01e0d950       0x14
 .text.upmu_chr_vbat_cv_vth
                0x01e0d950       0x14 ../../../mediatek/platform/mt6575/uboot/libmt6575.a(mt6575_pmic6329.o)
                0x01e0d950                upmu_chr_vbat_cv_vth

.text.upmu_chr_vbat_cv_en
                0x01e0d964       0x14
 .text.upmu_chr_vbat_cv_en
                0x01e0d964       0x14 ../../../mediatek/platform/mt6575/uboot/libmt6575.a(mt6575_pmic6329.o)
                0x01e0d964                upmu_chr_vbat_cv_en

.text.upmu_chr_cs_en
                0x01e0d978       0x14
 .text.upmu_chr_cs_en
                0x01e0d978       0x14 ../../../mediatek/platform/mt6575/uboot/libmt6575.a(mt6575_pmic6329.o)
                0x01e0d978                upmu_chr_cs_en

.text.upmu_chr_vcdt_lv_vth
                0x01e0d98c       0x14
 .text.upmu_chr_vcdt_lv_vth
                0x01e0d98c       0x14 ../../../mediatek/platform/mt6575/uboot/libmt6575.a(mt6575_pmic6329.o)
                0x01e0d98c                upmu_chr_vcdt_lv_vth

.text.upmu_chr_vcdt_hv_vth
                0x01e0d9a0       0x14
 .text.upmu_chr_vcdt_hv_vth
                0x01e0d9a0       0x14 ../../../mediatek/platform/mt6575/uboot/libmt6575.a(mt6575_pmic6329.o)
                0x01e0d9a0                upmu_chr_vcdt_hv_vth

.text.upmu_chr_vcdt_hv_enable
                0x01e0d9b4       0x14
 .text.upmu_chr_vcdt_hv_enable
                0x01e0d9b4       0x14 ../../../mediatek/platform/mt6575/uboot/libmt6575.a(mt6575_pmic6329.o)
                0x01e0d9b4                upmu_chr_vcdt_hv_enable

.text.upmu_chr_csdac_enable
                0x01e0d9c8       0x14
 .text.upmu_chr_csdac_enable
                0x01e0d9c8       0x14 ../../../mediatek/platform/mt6575/uboot/libmt6575.a(mt6575_pmic6329.o)
                0x01e0d9c8                upmu_chr_csdac_enable

.text.upmu_chr_enable
                0x01e0d9dc       0x14
 .text.upmu_chr_enable
                0x01e0d9dc       0x14 ../../../mediatek/platform/mt6575/uboot/libmt6575.a(mt6575_pmic6329.o)
                0x01e0d9dc                upmu_chr_enable

.text.upmu_strup_usbdl_en
                0x01e0d9f0       0x14
 .text.upmu_strup_usbdl_en
                0x01e0d9f0       0x14 ../../../mediatek/platform/mt6575/uboot/libmt6575.a(mt6575_pmic6329.o)
                0x01e0d9f0                upmu_strup_usbdl_en

.text.PMIC_CUSTOM_SETTING_V1
                0x01e0da04      0x160
 .text.PMIC_CUSTOM_SETTING_V1
                0x01e0da04      0x160 ../../../mediatek/platform/mt6575/uboot/libmt6575.a(mt6575_pmic6329.o)
                0x01e0da04                PMIC_CUSTOM_SETTING_V1

.text.pmic_read_interface
                0x01e0db64       0x54
 .text.pmic_read_interface
                0x01e0db64       0x54 ../../../mediatek/platform/mt6575/uboot/libmt6575.a(mt6575_pmic6329.o)
                0x01e0db64                pmic_read_interface

.text.upmu_get_PCHR_CHRDET
                0x01e0dbb8       0x2c
 .text.upmu_get_PCHR_CHRDET
                0x01e0dbb8       0x2c ../../../mediatek/platform/mt6575/uboot/libmt6575.a(mt6575_pmic6329.o)
                0x01e0dbb8                upmu_get_PCHR_CHRDET

.text.upmu_is_chr_det
                0x01e0dbe4       0x14
 .text.upmu_is_chr_det
                0x01e0dbe4       0x14 ../../../mediatek/platform/mt6575/uboot/libmt6575.a(mt6575_pmic6329.o)
                0x01e0dbe4                upmu_is_chr_det

.text.upmu_get_reg_value
                0x01e0dbf8       0x2c
 .text.upmu_get_reg_value
                0x01e0dbf8       0x2c ../../../mediatek/platform/mt6575/uboot/libmt6575.a(mt6575_pmic6329.o)
                0x01e0dbf8                upmu_get_reg_value

.text.upmu_auxadc_get_trimming_data_9_8
                0x01e0dc24       0x2c
 .text.upmu_auxadc_get_trimming_data_9_8
                0x01e0dc24       0x2c ../../../mediatek/platform/mt6575/uboot/libmt6575.a(mt6575_pmic6329.o)
                0x01e0dc24                upmu_auxadc_get_trimming_data_9_8

.text.upmu_auxadc_get_trimming_data_7_0
                0x01e0dc50       0x2c
 .text.upmu_auxadc_get_trimming_data_7_0
                0x01e0dc50       0x2c ../../../mediatek/platform/mt6575/uboot/libmt6575.a(mt6575_pmic6329.o)
                0x01e0dc50                upmu_auxadc_get_trimming_data_7_0

.text.upmu_auxadc_get_ch3_data_9_8
                0x01e0dc7c       0x2c
 .text.upmu_auxadc_get_ch3_data_9_8
                0x01e0dc7c       0x2c ../../../mediatek/platform/mt6575/uboot/libmt6575.a(mt6575_pmic6329.o)
                0x01e0dc7c                upmu_auxadc_get_ch3_data_9_8

.text.upmu_auxadc_get_ch3_ready
                0x01e0dca8       0x2c
 .text.upmu_auxadc_get_ch3_ready
                0x01e0dca8       0x2c ../../../mediatek/platform/mt6575/uboot/libmt6575.a(mt6575_pmic6329.o)
                0x01e0dca8                upmu_auxadc_get_ch3_ready

.text.upmu_auxadc_get_ch3_data_7_0
                0x01e0dcd4       0x2c
 .text.upmu_auxadc_get_ch3_data_7_0
                0x01e0dcd4       0x2c ../../../mediatek/platform/mt6575/uboot/libmt6575.a(mt6575_pmic6329.o)
                0x01e0dcd4                upmu_auxadc_get_ch3_data_7_0

.text.upmu_auxadc_get_ch2_data_9_8
                0x01e0dd00       0x2c
 .text.upmu_auxadc_get_ch2_data_9_8
                0x01e0dd00       0x2c ../../../mediatek/platform/mt6575/uboot/libmt6575.a(mt6575_pmic6329.o)
                0x01e0dd00                upmu_auxadc_get_ch2_data_9_8

.text.upmu_auxadc_get_ch2_ready
                0x01e0dd2c       0x2c
 .text.upmu_auxadc_get_ch2_ready
                0x01e0dd2c       0x2c ../../../mediatek/platform/mt6575/uboot/libmt6575.a(mt6575_pmic6329.o)
                0x01e0dd2c                upmu_auxadc_get_ch2_ready

.text.upmu_auxadc_get_ch2_data_7_0
                0x01e0dd58       0x2c
 .text.upmu_auxadc_get_ch2_data_7_0
                0x01e0dd58       0x2c ../../../mediatek/platform/mt6575/uboot/libmt6575.a(mt6575_pmic6329.o)
                0x01e0dd58                upmu_auxadc_get_ch2_data_7_0

.text.upmu_auxadc_get_ch1_data_9_8
                0x01e0dd84       0x2c
 .text.upmu_auxadc_get_ch1_data_9_8
                0x01e0dd84       0x2c ../../../mediatek/platform/mt6575/uboot/libmt6575.a(mt6575_pmic6329.o)
                0x01e0dd84                upmu_auxadc_get_ch1_data_9_8

.text.upmu_auxadc_get_ch1_ready
                0x01e0ddb0       0x2c
 .text.upmu_auxadc_get_ch1_ready
                0x01e0ddb0       0x2c ../../../mediatek/platform/mt6575/uboot/libmt6575.a(mt6575_pmic6329.o)
                0x01e0ddb0                upmu_auxadc_get_ch1_ready

.text.upmu_auxadc_get_ch1_data_7_0
                0x01e0dddc       0x2c
 .text.upmu_auxadc_get_ch1_data_7_0
                0x01e0dddc       0x2c ../../../mediatek/platform/mt6575/uboot/libmt6575.a(mt6575_pmic6329.o)
                0x01e0dddc                upmu_auxadc_get_ch1_data_7_0

.text.upmu_auxadc_get_ch0_ready
                0x01e0de08       0x2c
 .text.upmu_auxadc_get_ch0_ready
                0x01e0de08       0x2c ../../../mediatek/platform/mt6575/uboot/libmt6575.a(mt6575_pmic6329.o)
                0x01e0de08                upmu_auxadc_get_ch0_ready

.text.upmu_chr_get_vcdt_hv_det
                0x01e0de34       0x2c
 .text.upmu_chr_get_vcdt_hv_det
                0x01e0de34       0x2c ../../../mediatek/platform/mt6575/uboot/libmt6575.a(mt6575_pmic6329.o)
                0x01e0de34                upmu_chr_get_vcdt_hv_det

.text.hw_charger_type_detection
                0x01e0de60      0x304
 .text.hw_charger_type_detection
                0x01e0de60      0x304 ../../../mediatek/platform/mt6575/uboot/libmt6575.a(mt6575_pmic6329.o)
                0x01e0de60                hw_charger_type_detection

.text.mt_charger_type_detection
                0x01e0e164       0x48
 .text.mt_charger_type_detection
                0x01e0e164       0x48 ../../../mediatek/platform/mt6575/uboot/libmt6575.a(mt6575_pmic6329.o)
                0x01e0e164                mt_charger_type_detection

.text.upmu_get_cid1
                0x01e0e1ac       0x2c
 .text.upmu_get_cid1
                0x01e0e1ac       0x2c ../../../mediatek/platform/mt6575/uboot/libmt6575.a(mt6575_pmic6329.o)
                0x01e0e1ac                upmu_get_cid1

.text.upmu_get_cid0
                0x01e0e1d8       0x28
 .text.upmu_get_cid0
                0x01e0e1d8       0x28 ../../../mediatek/platform/mt6575/uboot/libmt6575.a(mt6575_pmic6329.o)
                0x01e0e1d8                upmu_get_cid0

.text.PMIC_INIT_SETTING_V1
                0x01e0e200      0x5b8
 .text.PMIC_INIT_SETTING_V1
                0x01e0e200      0x5b8 ../../../mediatek/platform/mt6575/uboot/libmt6575.a(mt6575_pmic6329.o)
                0x01e0e200                PMIC_INIT_SETTING_V1

.text.mt6575_detect_homekey
                0x01e0e7b8       0x64
 .text.mt6575_detect_homekey
                0x01e0e7b8       0x64 ../../../mediatek/platform/mt6575/uboot/libmt6575.a(mt6575_pmic6329.o)
                0x01e0e7b8                mt6575_detect_homekey

.text.mt6575_detect_powerkey
                0x01e0e81c       0x64
 .text.mt6575_detect_powerkey
                0x01e0e81c       0x64 ../../../mediatek/platform/mt6575/uboot/libmt6575.a(mt6575_pmic6329.o)
                0x01e0e81c                mt6575_detect_powerkey

.text.pmic_IsUsbCableIn
                0x01e0e880       0x5c
 .text.pmic_IsUsbCableIn
                0x01e0e880       0x5c ../../../mediatek/platform/mt6575/uboot/libmt6575.a(mt6575_pmic6329.o)
                0x01e0e880                pmic_IsUsbCableIn

.text.get_pmic6329_version
                0x01e0e8dc       0x64
 .text.get_pmic6329_version
                0x01e0e8dc       0x64 ../../../mediatek/platform/mt6575/uboot/libmt6575.a(mt6575_pmic6329.o)
                0x01e0e8dc                get_pmic6329_version

.text.PMIC_IMM_GetOneChannelValue
                0x01e0e940      0x3e0
 .text.PMIC_IMM_GetOneChannelValue
                0x01e0e940      0x3e0 ../../../mediatek/platform/mt6575/uboot/libmt6575.a(mt6575_pmic6329.o)
                0x01e0e940                PMIC_IMM_GetOneChannelValue

.text.pmic6329_get_version
                0x01e0ed20       0xa4
 .text.pmic6329_get_version
                0x01e0ed20       0xa4 ../../../mediatek/platform/mt6575/uboot/libmt6575.a(mt6575_pmic6329.o)
                0x01e0ed20                pmic6329_get_version

.text.pmic6329_init
                0x01e0edc4       0x60
 .text.pmic6329_init
                0x01e0edc4       0x60 ../../../mediatek/platform/mt6575/uboot/libmt6575.a(mt6575_pmic6329.o)
                0x01e0edc4                pmic6329_init

.text.mt65xx_get_logo_db_addr
                0x01e0ee24       0x10
 .text.mt65xx_get_logo_db_addr
                0x01e0ee24       0x10 ../../../mediatek/platform/mt6575/uboot/libmt6575.a(mt6575_disp_drv.o)
                0x01e0ee24                mt65xx_get_logo_db_addr

.text.mt65xx_get_fb_addr
                0x01e0ee34       0x10
 .text.mt65xx_get_fb_addr
                0x01e0ee34       0x10 ../../../mediatek/platform/mt6575/uboot/libmt6575.a(mt6575_disp_drv.o)
                0x01e0ee34                mt65xx_get_fb_addr

.text.mt65xx_get_fb_size
                0x01e0ee44       0x10
 .text.mt65xx_get_fb_size
                0x01e0ee44       0x10 ../../../mediatek/platform/mt6575/uboot/libmt6575.a(mt6575_disp_drv.o)
                0x01e0ee44                mt65xx_get_fb_size

.text.mt65xx_disp_get_lcm_id
                0x01e0ee54       0x18
 .text.mt65xx_disp_get_lcm_id
                0x01e0ee54       0x18 ../../../mediatek/platform/mt6575/uboot/libmt6575.a(mt6575_disp_drv.o)
                0x01e0ee54                mt65xx_disp_get_lcm_id

.text.video_set_lut
                0x01e0ee6c        0x4
 .text.video_set_lut
                0x01e0ee6c        0x4 ../../../mediatek/platform/mt6575/uboot/libmt6575.a(mt6575_disp_drv.o)
                0x01e0ee6c                video_set_lut

.text.DISP_IsLcmFound
                0x01e0ee70       0x10
 .text.DISP_IsLcmFound
                0x01e0ee70       0x10 ../../../mediatek/platform/mt6575/uboot/libmt6575.a(mt6575_disp_drv.o)
                0x01e0ee70                DISP_IsLcmFound

.text.DISP_GetScreenBpp
                0x01e0ee80        0x8
 .text.DISP_GetScreenBpp
                0x01e0ee80        0x8 ../../../mediatek/platform/mt6575/uboot/libmt6575.a(mt6575_disp_drv.o)
                0x01e0ee80                DISP_GetScreenBpp

.text.DISP_GetPages
                0x01e0ee88        0x8
 .text.DISP_GetPages
                0x01e0ee88        0x8 ../../../mediatek/platform/mt6575/uboot/libmt6575.a(mt6575_disp_drv.o)
                0x01e0ee88                DISP_GetPages

.text.disp_dump_lcm_parameters
                0x01e0ee90       0x84
 .text.disp_dump_lcm_parameters
                0x01e0ee90       0x84 ../../../mediatek/platform/mt6575/uboot/libmt6575.a(mt6575_disp_drv.o)

.text.disp_drv_init_ctrl_if
                0x01e0ef14      0x244
 .text.disp_drv_init_ctrl_if
                0x01e0ef14      0x244 ../../../mediatek/platform/mt6575/uboot/libmt6575.a(mt6575_disp_drv.o)

.text.mt65xx_disp_wait_idle
                0x01e0f158       0x34
 .text.mt65xx_disp_wait_idle
                0x01e0f158       0x34 ../../../mediatek/platform/mt6575/uboot/libmt6575.a(mt6575_disp_drv.o)
                0x01e0f158                mt65xx_disp_wait_idle

.text.DISP_UpdateScreen
                0x01e0f18c      0x1c4
 .text.DISP_UpdateScreen
                0x01e0f18c      0x1c4 ../../../mediatek/platform/mt6575/uboot/libmt6575.a(mt6575_disp_drv.o)
                0x01e0f18c                DISP_UpdateScreen

.text.mt65xx_disp_update
                0x01e0f350       0x34
 .text.mt65xx_disp_update
                0x01e0f350       0x34 ../../../mediatek/platform/mt6575/uboot/libmt6575.a(mt6575_disp_drv.o)
                0x01e0f350                mt65xx_disp_update

.text.lcm_mdelay
                0x01e0f384       0x18
 .text.lcm_mdelay
                0x01e0f384        0xc ../../../mediatek/platform/mt6575/uboot/libmt6575.a(mt6575_disp_drv.o)
 .text.lcm_mdelay
                0x01e0f390        0xc ../../../mediatek/platform/mt6575/uboot/libmt6575.a(mt6575_dsi_drv.o)

.text.lcm_udelay
                0x01e0f39c        0x4
 .text.lcm_udelay
                0x01e0f39c        0x4 ../../../mediatek/platform/mt6575/uboot/libmt6575.a(mt6575_disp_drv.o)

.text.lcm_read_data
                0x01e0f3a0       0xb0
 .text.lcm_read_data
                0x01e0f3a0       0xb0 ../../../mediatek/platform/mt6575/uboot/libmt6575.a(mt6575_disp_drv.o)

.text.lcm_send_data
                0x01e0f450       0x84
 .text.lcm_send_data
                0x01e0f450       0x84 ../../../mediatek/platform/mt6575/uboot/libmt6575.a(mt6575_disp_drv.o)

.text.lcm_send_cmd
                0x01e0f4d4       0x84
 .text.lcm_send_cmd
                0x01e0f4d4       0x84 ../../../mediatek/platform/mt6575/uboot/libmt6575.a(mt6575_disp_drv.o)

.text.lcm_set_reset_pin
                0x01e0f558        0x8
 .text.lcm_set_reset_pin
                0x01e0f558        0x8 ../../../mediatek/platform/mt6575/uboot/libmt6575.a(mt6575_disp_drv.o)

.text.disp_drv_get_lcm_driver
                0x01e0f560      0x1b0
 .text.disp_drv_get_lcm_driver
                0x01e0f560      0x1b0 ../../../mediatek/platform/mt6575/uboot/libmt6575.a(mt6575_disp_drv.o)
                0x01e0f560                disp_drv_get_lcm_driver

.text.DISP_DetectDevice
                0x01e0f710       0x54
 .text.DISP_DetectDevice
                0x01e0f710       0x54 ../../../mediatek/platform/mt6575/uboot/libmt6575.a(mt6575_disp_drv.o)
                0x01e0f710                DISP_DetectDevice

.text.disp_drv_init_context
                0x01e0f764       0xac
 .text.disp_drv_init_context
                0x01e0f764       0xac ../../../mediatek/platform/mt6575/uboot/libmt6575.a(mt6575_disp_drv.o)

.text.DISP_GetVRamSize
                0x01e0f810       0x48
 .text.DISP_GetVRamSize
                0x01e0f810       0x48 ../../../mediatek/platform/mt6575/uboot/libmt6575.a(mt6575_disp_drv.o)
                0x01e0f810                DISP_GetVRamSize

.text.mt65xx_disp_get_vram_size
                0x01e0f858        0x4
 .text.mt65xx_disp_get_vram_size
                0x01e0f858        0x4 ../../../mediatek/platform/mt6575/uboot/libmt6575.a(mt6575_disp_drv.o)
                0x01e0f858                mt65xx_disp_get_vram_size

.text.DISP_GetScreenHeight
                0x01e0f85c       0x1c
 .text.DISP_GetScreenHeight
                0x01e0f85c       0x1c ../../../mediatek/platform/mt6575/uboot/libmt6575.a(mt6575_disp_drv.o)
                0x01e0f85c                DISP_GetScreenHeight

.text.DISP_GetScreenWidth
                0x01e0f878       0x1c
 .text.DISP_GetScreenWidth
                0x01e0f878       0x1c ../../../mediatek/platform/mt6575/uboot/libmt6575.a(mt6575_disp_drv.o)
                0x01e0f878                DISP_GetScreenWidth

.text.DISP_PanelEnable
                0x01e0f894      0x1b4
 .text.DISP_PanelEnable
                0x01e0f894      0x1b4 ../../../mediatek/platform/mt6575/uboot/libmt6575.a(mt6575_disp_drv.o)
                0x01e0f894                DISP_PanelEnable

.text.DISP_PowerEnable
                0x01e0fa48       0x48
 .text.DISP_PowerEnable
                0x01e0fa48       0x48 ../../../mediatek/platform/mt6575/uboot/libmt6575.a(mt6575_disp_drv.o)
                0x01e0fa48                DISP_PowerEnable

.text.mt65xx_disp_power
                0x01e0fa90       0x38
 .text.mt65xx_disp_power
                0x01e0fa90       0x38 ../../../mediatek/platform/mt6575/uboot/libmt6575.a(mt6575_disp_drv.o)
                0x01e0fa90                mt65xx_disp_power

.text.DISP_Init
                0x01e0fac8       0x84
 .text.DISP_Init
                0x01e0fac8       0x84 ../../../mediatek/platform/mt6575/uboot/libmt6575.a(mt6575_disp_drv.o)
                0x01e0fac8                DISP_Init

.text.video_hw_init
                0x01e0fb4c       0x6c
 .text.video_hw_init
                0x01e0fb4c       0x6c ../../../mediatek/platform/mt6575/uboot/libmt6575.a(mt6575_disp_drv.o)
                0x01e0fb4c                video_hw_init

.text.mt65xx_disp_get_lcd_time
                0x01e0fbb8      0x178
 .text.mt65xx_disp_get_lcd_time
                0x01e0fbb8      0x178 ../../../mediatek/platform/mt6575/uboot/libmt6575.a(mt6575_disp_drv.o)
                0x01e0fbb8                mt65xx_disp_get_lcd_time

.text.mt65xx_disp_init
                0x01e0fd30      0x36c
 .text.mt65xx_disp_init
                0x01e0fd30      0x36c ../../../mediatek/platform/mt6575/uboot/libmt6575.a(mt6575_disp_drv.o)
                0x01e0fd30                mt65xx_disp_init

.text.DISP_GetDriverDBI
                0x01e1009c        0xc
 .text.DISP_GetDriverDBI
                0x01e1009c        0xc ../../../mediatek/platform/mt6575/uboot/libmt6575.a(mt6575_disp_drv_dbi.o)
                0x01e1009c                DISP_GetDriverDBI

.text.disp_drv_dbi_init_context
                0x01e100a8       0x60
 .text.disp_drv_dbi_init_context
                0x01e100a8       0x60 ../../../mediatek/platform/mt6575/uboot/libmt6575.a(mt6575_disp_drv_dbi.o)

.text.dbi_get_panel_color_format
                0x01e10108       0x98
 .text.dbi_get_panel_color_format
                0x01e10108       0x98 ../../../mediatek/platform/mt6575/uboot/libmt6575.a(mt6575_disp_drv_dbi.o)

.text.get_fb_size
                0x01e101a0       0xd8
 .text.get_fb_size
                0x01e101a0       0x48 ../../../mediatek/platform/mt6575/uboot/libmt6575.a(mt6575_disp_drv_dbi.o)
 .text.get_fb_size
                0x01e101e8       0x48 ../../../mediatek/platform/mt6575/uboot/libmt6575.a(mt6575_disp_drv_dsi.o)
 .text.get_fb_size
                0x01e10230       0x48 ../../../mediatek/platform/mt6575/uboot/libmt6575.a(mt6575_disp_drv_dpi.o)

.text.dbi_get_vram_size
                0x01e10278       0x18
 .text.dbi_get_vram_size
                0x01e10278       0x18 ../../../mediatek/platform/mt6575/uboot/libmt6575.a(mt6575_disp_drv_dbi.o)

.text.dbi_set_fb_addr
                0x01e10290       0x3c
 .text.dbi_set_fb_addr
                0x01e10290       0x3c ../../../mediatek/platform/mt6575/uboot/libmt6575.a(mt6575_disp_drv_dbi.o)

.text.dbi_enable_power
                0x01e102cc      0x218
 .text.dbi_enable_power
                0x01e102cc      0x218 ../../../mediatek/platform/mt6575/uboot/libmt6575.a(mt6575_disp_drv_dbi.o)

.text.dbi_init  0x01e104e4      0x280
 .text.dbi_init
                0x01e104e4      0x280 ../../../mediatek/platform/mt6575/uboot/libmt6575.a(mt6575_disp_drv_dbi.o)

.text.LCD_ConfigIfFormat
                0x01e10764       0x44
 .text.LCD_ConfigIfFormat
                0x01e10764       0x44 ../../../mediatek/platform/mt6575/uboot/libmt6575.a(mt6575_lcd_drv.o)
                0x01e10764                LCD_ConfigIfFormat

.text.LCD_SetResetSignal
                0x01e107a8       0x20
 .text.LCD_SetResetSignal
                0x01e107a8       0x20 ../../../mediatek/platform/mt6575/uboot/libmt6575.a(mt6575_lcd_drv.o)
                0x01e107a8                LCD_SetResetSignal

.text.LCD_ConfigDSIIfFormat
                0x01e107c8       0x3c
 .text.LCD_ConfigDSIIfFormat
                0x01e107c8       0x3c ../../../mediatek/platform/mt6575/uboot/libmt6575.a(mt6575_lcd_drv.o)
                0x01e107c8                LCD_ConfigDSIIfFormat

.text.LCD_EnableHwTrigger
                0x01e10804       0x44
 .text.LCD_EnableHwTrigger
                0x01e10804       0x44 ../../../mediatek/platform/mt6575/uboot/libmt6575.a(mt6575_lcd_drv.o)
                0x01e10804                LCD_EnableHwTrigger

.text.LCD_FBSetPitch
                0x01e10848       0x28
 .text.LCD_FBSetPitch
                0x01e10848       0x28 ../../../mediatek/platform/mt6575/uboot/libmt6575.a(mt6575_lcd_drv.o)
                0x01e10848                LCD_FBSetPitch

.text.LCD_TE_Enable
                0x01e10870       0x28
 .text.LCD_TE_Enable
                0x01e10870       0x28 ../../../mediatek/platform/mt6575/uboot/libmt6575.a(mt6575_lcd_drv.o)
                0x01e10870                LCD_TE_Enable

.text.LCD_TE_SetMode
                0x01e10898       0x28
 .text.LCD_TE_SetMode
                0x01e10898       0x28 ../../../mediatek/platform/mt6575/uboot/libmt6575.a(mt6575_lcd_drv.o)
                0x01e10898                LCD_TE_SetMode

.text.LCD_TE_SetEdgePolarity
                0x01e108c0       0x28
 .text.LCD_TE_SetEdgePolarity
                0x01e108c0       0x28 ../../../mediatek/platform/mt6575/uboot/libmt6575.a(mt6575_lcd_drv.o)
                0x01e108c0                LCD_TE_SetEdgePolarity

.text.LCD_TE_ConfigVHSyncMode
                0x01e108e8        0x8
 .text.LCD_TE_ConfigVHSyncMode
                0x01e108e8        0x8 ../../../mediatek/platform/mt6575/uboot/libmt6575.a(mt6575_lcd_drv.o)
                0x01e108e8                LCD_TE_ConfigVHSyncMode

.text.LCD_W2M_NeedLimiteSpeed
                0x01e108f0       0x10
 .text.LCD_W2M_NeedLimiteSpeed
                0x01e108f0       0x10 ../../../mediatek/platform/mt6575/uboot/libmt6575.a(mt6575_lcd_drv.o)
                0x01e108f0                LCD_W2M_NeedLimiteSpeed

.text.LCD_SetGMCThrottle
                0x01e10900      0x100
 .text.LCD_SetGMCThrottle
                0x01e10900      0x100 ../../../mediatek/platform/mt6575/uboot/libmt6575.a(mt6575_lcd_drv.o)
                0x01e10900                LCD_SetGMCThrottle

.text.LCD_ReadIF
                0x01e10a00       0xe8
 .text.LCD_ReadIF
                0x01e10a00       0xe8 ../../../mediatek/platform/mt6575/uboot/libmt6575.a(mt6575_lcd_drv.o)
                0x01e10a00                LCD_ReadIF

.text.LCD_WriteIF
                0x01e10ae8       0xe0
 .text.LCD_WriteIF
                0x01e10ae8       0xe0 ../../../mediatek/platform/mt6575/uboot/libmt6575.a(mt6575_lcd_drv.o)
                0x01e10ae8                LCD_WriteIF

.text.LCD_SelectWriteIF
                0x01e10bc8       0x88
 .text.LCD_SelectWriteIF
                0x01e10bc8       0x88 ../../../mediatek/platform/mt6575/uboot/libmt6575.a(mt6575_lcd_drv.o)
                0x01e10bc8                LCD_SelectWriteIF

.text.LCD_PowerOn
                0x01e10c50      0x264
 .text.LCD_PowerOn
                0x01e10c50      0x264 ../../../mediatek/platform/mt6575/uboot/libmt6575.a(mt6575_lcd_drv.o)
                0x01e10c50                LCD_PowerOn

.text.LCD_Set_DrivingCurrent
                0x01e10eb4       0xc8
 .text.LCD_Set_DrivingCurrent